Component: ARM Compiler 5.05 update 1 (build 106) Tool: armlink [4d0efa]

==============================================================================

Section Cross References

    main.o(i.Auto_task) refers to function.o(i.delay) for delay
    main.o(i.Auto_task) refers to xf.o(i.speek) for speek
    main.o(i.Auto_task) refers to function.o(.data) for flag_qd
    main.o(i.Auto_task) refers to modbus_slave.o(.bss) for PLC_OutPut
    main.o(i.Control_task) refers to function.o(i.MotoStop) for MotoStop
    main.o(i.Control_task) refers to xf.o(i.speek) for speek
    main.o(i.Control_task) refers to os_time.o(i.OSTimeDlyHMSM) for OSTimeDlyHMSM
    main.o(i.Control_task) refers to modbus_slave.o(.bss) for PLC_Data
    main.o(i.Control_task) refers to function.o(.data) for ld_juli
    main.o(i.Control_task) refers to main.o(.data) for flag_szd
    main.o(i.Control_task) refers to function.o(i.delay) for delay
    main.o(i.DEMO1_task) refers to xf.o(i.speek) for speek
    main.o(i.DEMO1_task) refers to function.o(i.start) for start
    main.o(i.DEMO1_task) refers to function.o(i.delay) for delay
    main.o(i.DEMO1_task) refers to function.o(.data) for startAsk
    main.o(i.DEMO1_task) refers to modbus_slave.o(.bss) for PLC_Data
    main.o(i.DEMO2_task) refers to read.o(i.data_Parameterreceive) for data_Parameterreceive
    main.o(i.DEMO2_task) refers to stm32f4xx_dma.o(i.DMA_Cmd) for DMA_Cmd
    main.o(i.DEMO2_task) refers to function.o(i.stop) for stop
    main.o(i.DEMO2_task) refers to function.o(i.delay) for delay
    main.o(i.DEMO2_task) refers to read.o(.data) for receive_ok
    main.o(i.DEMO2_task) refers to function.o(.data) for stopAsk
    main.o(i.DEMO2_task) refers to modbus_slave.o(.bss) for PLC_Data
    main.o(i.DEMO_task) refers to iwdg.o(i.IWDG_Feed) for IWDG_Feed
    main.o(i.DEMO_task) refers to delay.o(i.osdelay_ms) for osdelay_ms
    main.o(i.Manual_task) refers to function.o(i.Motor_Zzhuan) for Motor_Zzhuan
    main.o(i.Manual_task) refers to dflt_clz.o(x$fpl$dfltu) for __aeabi_ui2d
    main.o(i.Manual_task) refers to dmul.o(x$fpl$dmul) for __aeabi_dmul
    main.o(i.Manual_task) refers to dfixu.o(x$fpl$dfixu) for __aeabi_d2uiz
    main.o(i.Manual_task) refers to function.o(i.Motor_Fzhuan) for Motor_Fzhuan
    main.o(i.Manual_task) refers to function.o(i.MotoStop) for MotoStop
    main.o(i.Manual_task) refers to function.o(i.delay) for delay
    main.o(i.Manual_task) refers to can.o(.data) for Input
    main.o(i.Manual_task) refers to modbus_slave.o(.bss) for PLC_Data
    main.o(i.PID_task) refers to function.o(i.PID_Adjust) for PID_Adjust
    main.o(i.PID_task) refers to function.o(i.delay) for delay
    main.o(i.PID_task) refers to function.o(.data) for flag_qd
    main.o(i.PID_task) refers to pid.o(.bss) for PID
    main.o(i.PID_task) refers to main.o(.data) for cy_time
    main.o(i.Screen_task) refers to function.o(i.UserConfigInit) for UserConfigInit
    main.o(i.Screen_task) refers to delay.o(i.osdelay_ms) for osdelay_ms
    main.o(i.Screen_task) refers to route.o(i.GetRouteStationNum) for GetRouteStationNum
    main.o(i.Screen_task) refers to route.o(i.GetRouteData) for GetRouteData
    main.o(i.Screen_task) refers to route.o(i.SetRouteData) for SetRouteData
    main.o(i.Screen_task) refers to route.o(i.UpdataStationToHmi) for UpdataStationToHmi
    main.o(i.Screen_task) refers to route.o(i.ClearStationToHmi) for ClearStationToHmi
    main.o(i.Screen_task) refers to route.o(i.UpdataStationToNow) for UpdataStationToNow
    main.o(i.Screen_task) refers to route.o(i.SetStationData) for SetStationData
    main.o(i.Screen_task) refers to modbus_slave.o(.bss) for PLC_Data
    main.o(i.Screen_task) refers to route.o(.data) for HmiRouteCopiedNumTemp
    main.o(i.Screen_task) refers to function.o(.data) for keynumber
    main.o(i.Screen_task) refers to route.o(.bss) for NowRouteInfor
    main.o(i.Screen_task) refers to function.o(i.delay) for delay
    main.o(i.Screen_task) refers to route.o(i.SetAllParameterToSystem) for SetAllParameterToSystem
    main.o(i.Screen_task) refers to route.o(i.GetProcessData) for GetProcessData
    main.o(i.Screen_task) refers to route.o(i.ClearStepToHmi) for ClearStepToHmi
    main.o(i.Screen_task) refers to route.o(i.UpdataProcessToHmi) for UpdataProcessToHmi
    main.o(i.Screen_task) refers to route.o(i.GetProcessStepNum) for GetProcessStepNum
    main.o(i.Screen_task) refers to route.o(i.GetProcessDataFrom) for GetProcessDataFrom
    main.o(i.Screen_task) refers to route.o(i.SetProcessData) for SetProcessData
    main.o(i.Screen_task) refers to route.o(i.InsertProcessData) for InsertProcessData
    main.o(i.Screen_task) refers to route.o(i.DeleteProcessData) for DeleteProcessData
    main.o(i.Screen_task) refers to os_task.o(i.OSTaskDel) for OSTaskDel
    main.o(i.Screen_task) refers to os_task.o(i.OSTaskCreate) for OSTaskCreate
    main.o(i.Screen_task) refers to route.o(i.SetOneParameterToSystem) for SetOneParameterToSystem
[...]
    USART6_Configuration                     0x0800b6d9   Thumb Code   190  usart.o(i.USART6_Configuration)
    USART6_IRQHandler                        0x0800b7a1   Thumb Code    76  stm32f4xx_it.o(i.USART6_IRQHandler)
    USART_ClearFlag                          0x0800b7fd   Thumb Code    18  stm32f4xx_usart.o(i.USART_ClearFlag)
    USART_ClearITPendingBit                  0x0800b80f   Thumb Code    30  stm32f4xx_usart.o(i.USART_ClearITPendingBit)
    USART_Cmd                                0x0800b82d   Thumb Code    24  stm32f4xx_usart.o(i.USART_Cmd)
    USART_DMACmd                             0x0800b845   Thumb Code    18  stm32f4xx_usart.o(i.USART_DMACmd)
    USART_GetFlagStatus                      0x0800b857   Thumb Code    26  stm32f4xx_usart.o(i.USART_GetFlagStatus)
    USART_GetITStatus                        0x0800b871   Thumb Code    84  stm32f4xx_usart.o(i.USART_GetITStatus)
    USART_ITConfig                           0x0800b8c5   Thumb Code    74  stm32f4xx_usart.o(i.USART_ITConfig)
    USART_Init                               0x0800b911   Thumb Code   204  stm32f4xx_usart.o(i.USART_Init)
    USART_SendData                           0x0800b9e5   Thumb Code     8  stm32f4xx_usart.o(i.USART_SendData)
    Uart3_Start_DMA_Tx                       0x0800b9ed   Thumb Code    22  dma.o(i.Uart3_Start_DMA_Tx)
    Uart4_Start_DMA_Tx                       0x0800ba09   Thumb Code    30  dma.o(i.Uart4_Start_DMA_Tx)
    Uart6_Start_DMA_Tx                       0x0800ba31   Thumb Code    22  dma.o(i.Uart6_Start_DMA_Tx)
    UpdataProcessToHmi                       0x0800ba4d   Thumb Code    78  route.o(i.UpdataProcessToHmi)
    UpdataStationToHmi                       0x0800baa5   Thumb Code   202  route.o(i.UpdataStationToHmi)
    UpdataStationToNow                       0x0800bb79   Thumb Code   168  route.o(i.UpdataStationToNow)
    UsageFault_Handler                       0x0800bc29   Thumb Code     4  stm32f4xx_it.o(i.UsageFault_Handler)
    UserConfigInit                           0x0800bc2d   Thumb Code   696  function.o(i.UserConfigInit)
    W25QXX_Erase_Sector                      0x0800bf01   Thumb Code    62  w25qxx.o(i.W25QXX_Erase_Sector)
    W25QXX_Init                              0x0800bf49   Thumb Code    82  w25qxx.o(i.W25QXX_Init)
    W25QXX_Read                              0x0800bfa9   Thumb Code    74  w25qxx.o(i.W25QXX_Read)
    W25QXX_ReadID                            0x0800bff9   Thumb Code    64  w25qxx.o(i.W25QXX_ReadID)
    W25QXX_ReadSR                            0x0800c041   Thumb Code    36  w25qxx.o(i.W25QXX_ReadSR)
    W25QXX_Read_16                           0x0800c06d   Thumb Code    66  w25qxx.o(i.W25QXX_Read_16)
    W25QXX_Wait_Busy                         0x0800c0b5   Thumb Code    18  w25qxx.o(i.W25QXX_Wait_Busy)
    W25QXX_Write                             0x0800c0c9   Thumb Code   180  w25qxx.o(i.W25QXX_Write)
    W25QXX_Write_16                          0x0800c181   Thumb Code    70  w25qxx.o(i.W25QXX_Write_16)
    W25QXX_Write_Enable                      0x0800c1cd   Thumb Code    24  w25qxx.o(i.W25QXX_Write_Enable)
    W25QXX_Write_NoCheck                     0x0800c1ed   Thumb Code    70  w25qxx.o(i.W25QXX_Write_NoCheck)
    W25QXX_Write_Page                        0x0800c235   Thumb Code    80  w25qxx.o(i.W25QXX_Write_Page)
    WIFI_task                                0x0800c289   Thumb Code   800  main.o(i.WIFI_task)
    YX                                       0x0800c5c1   Thumb Code   328  function.o(i.YX)
    YY                                       0x0800c729   Thumb Code   280  function.o(i.YY)
    ZX                                       0x0800c865   Thumb Code   324  function.o(i.ZX)
    ZY                                       0x0800c9c9   Thumb Code   280  function.o(i.ZY)
    _sys_exit                                0x0800cb05   Thumb Code     6  usart.o(i._sys_exit)
    data_Parameterreceive                    0x0800cb0d   Thumb Code  2974  read.o(i.data_Parameterreceive)
    delay                                    0x0800d6dd   Thumb Code    32  function.o(i.delay)
    delay_init                               0x0800d6fd   Thumb Code    94  delay.o(i.delay_init)
    delay_ms                                 0x0800d76d   Thumb Code    66  delay.o(i.delay_ms)
    delay_osschedlock                        0x0800d7bd   Thumb Code    10  delay.o(i.delay_osschedlock)
    delay_osschedunlock                      0x0800d7c7   Thumb Code    10  delay.o(i.delay_osschedunlock)
    delay_ostimedly                          0x0800d7d1   Thumb Code    16  delay.o(i.delay_ostimedly)
    delay_us                                 0x0800d7e1   Thumb Code    84  delay.o(i.delay_us)
    errorsend                                0x0800d839   Thumb Code   138  modbus_slave.o(i.errorsend)
    float_task                               0x0800d8cd   Thumb Code   546  main.o(i.float_task)
    main                                     0x0800db41   Thumb Code   388  main.o(i.main)
    osdelay_ms                               0x0800dce9   Thumb Code    24  delay.o(i.osdelay_ms)
    send_comm                                0x0800dd01   Thumb Code    12  modbus_slave.o(i.send_comm)
    speek                                    0x0800dd11   Thumb Code    70  xf.o(i.speek)
    start                                    0x0800dd59   Thumb Code   102  function.o(i.start)
    start_task                               0x0800ddd1   Thumb Code   558  main.o(i.start_task)
    stop                                     0x0800e0d5   Thumb Code    20  function.o(i.stop)
    yinling                                  0x0800e0f1   Thumb Code   246  xf.o(i.yinling)
    __aeabi_d2f                              0x0800e2c1   Thumb Code     0  d2f.o(x$fpl$d2f)
    _d2f                                     0x0800e2c1   Thumb Code    98  d2f.o(x$fpl$d2f)
    __aeabi_ddiv                             0x0800e325   Thumb Code     0  ddiv.o(x$fpl$ddiv)
    _ddiv                                    0x0800e325   Thumb Code   552  ddiv.o(x$fpl$ddiv)
    __aeabi_d2uiz                            0x0800e5d5   Thumb Code     0  dfixu.o(x$fpl$dfixu)
    _dfixu                                   0x0800e5d5   Thumb Code    90  dfixu.o(x$fpl$dfixu)
    __aeabi_i2d                              0x0800e62f   Thumb Code     0  dflt_clz.o(x$fpl$dflt)
    _dflt                                    0x0800e62f   Thumb Code    46  dflt_clz.o(x$fpl$dflt)
    __aeabi_ui2d                             0x0800e65d   Thumb Code     0  dflt_clz.o(x$fpl$dfltu)
    _dfltu                                   0x0800e65d   Thumb Code    38  dflt_clz.o(x$fpl$dfltu)
    __aeabi_dmul                             0x0800e685   Thumb Code     0  dmul.o(x$fpl$dmul)
    _dmul                                    0x0800e685   Thumb Code   332  dmul.o(x$fpl$dmul)
    __fpl_dnaninf                            0x0800e7d9   Thumb Code   156  dnaninf.o(x$fpl$dnaninf)
    __fpl_dretinf                            0x0800e875   Thumb Code    12  dretinf.o(x$fpl$dretinf)
    _fp_init                                 0x0800e881   Thumb Code    10  fpinit.o(x$fpl$fpinit)
    __fplib_config_fpu_vfp                   0x0800e889   Thumb Code     0  fpinit.o(x$fpl$fpinit)
    __fplib_config_pureend_doubles           0x0800e889   Thumb Code     0  fpinit.o(x$fpl$fpinit)
    __fpl_fretinf                            0x0800e88b   Thumb Code    10  fretinf.o(x$fpl$fretinf)
    OSCfg_IdleTaskStkBasePtr                 0x0800e894   Data           4  os_cfg_app.o(.constdata)
    __I$use$fp                               0x0800e894   Number         0  usenofp.o(x$fpl$usenofp)
    OSCfg_IdleTaskStkLimit                   0x0800e898   Data           4  os_cfg_app.o(.constdata)
    OSCfg_IdleTaskStkSize                    0x0800e89c   Data           4  os_cfg_app.o(.constdata)
    OSCfg_IdleTaskStkSizeRAM                 0x0800e8a0   Data           4  os_cfg_app.o(.constdata)
    OSCfg_IntQBasePtr                        0x0800e8a4   Data           4  os_cfg_app.o(.constdata)
    OSCfg_IntQSize                           0x0800e8a8   Data           2  os_cfg_app.o(.constdata)
    OSCfg_IntQSizeRAM                        0x0800e8ac   Data           4  os_cfg_app.o(.constdata)
    OSCfg_IntQTaskStkBasePtr                 0x0800e8b0   Data           4  os_cfg_app.o(.constdata)
    OSCfg_IntQTaskStkLimit                   0x0800e8b4   Data           4  os_cfg_app.o(.constdata)
    OSCfg_IntQTaskStkSize                    0x0800e8b8   Data           4  os_cfg_app.o(.constdata)
    OSCfg_IntQTaskStkSizeRAM                 0x0800e8bc   Data           4  os_cfg_app.o(.constdata)
    OSCfg_ISRStkBasePtr                      0x0800e8c0   Data           4  os_cfg_app.o(.constdata)
    OSCfg_ISRStkSize                         0x0800e8c4   Data           4  os_cfg_app.o(.constdata)
    OSCfg_ISRStkSizeRAM                      0x0800e8c8   Data           4  os_cfg_app.o(.constdata)
    OSCfg_MsgPoolSize                        0x0800e8cc   Data           2  os_cfg_app.o(.constdata)
    OSCfg_MsgPoolSizeRAM                     0x0800e8d0   Data           4  os_cfg_app.o(.constdata)
    OSCfg_MsgPoolBasePtr                     0x0800e8d4   Data           4  os_cfg_app.o(.constdata)
    OSCfg_StatTaskPrio                       0x0800e8d8   Data           1  os_cfg_app.o(.constdata)
    OSCfg_StatTaskRate_Hz                    0x0800e8dc   Data           4  os_cfg_app.o(.constdata)
    OSCfg_StatTaskStkBasePtr                 0x0800e8e0   Data           4  os_cfg_app.o(.constdata)
    OSCfg_StatTaskStkLimit                   0x0800e8e4   Data           4  os_cfg_app.o(.constdata)
    OSCfg_StatTaskStkSize                    0x0800e8e8   Data           4  os_cfg_app.o(.constdata)
    OSCfg_StatTaskStkSizeRAM                 0x0800e8ec   Data           4  os_cfg_app.o(.constdata)
    OSCfg_StkSizeMin                         0x0800e8f0   Data           4  os_cfg_app.o(.constdata)
    OSCfg_TickRate_Hz                        0x0800e8f4   Data           4  os_cfg_app.o(.constdata)
    OSCfg_TickTaskPrio                       0x0800e8f8   Data           1  os_cfg_app.o(.constdata)
    OSCfg_TickTaskStkBasePtr                 0x0800e8fc   Data           4  os_cfg_app.o(.constdata)
    OSCfg_TickTaskStkLimit                   0x0800e900   Data           4  os_cfg_app.o(.constdata)
    OSCfg_TickTaskStkSize                    0x0800e904   Data           4  os_cfg_app.o(.constdata)
    OSCfg_TickTaskStkSizeRAM                 0x0800e908   Data           4  os_cfg_app.o(.constdata)
    OSCfg_TickWheelSize                      0x0800e90c   Data           2  os_cfg_app.o(.constdata)
    OSCfg_TickWheelSizeRAM                   0x0800e910   Data           4  os_cfg_app.o(.constdata)
    OSCfg_TmrTaskPrio                        0x0800e914   Data           1  os_cfg_app.o(.constdata)
    OSCfg_TmrTaskRate_Hz                     0x0800e918   Data           4  os_cfg_app.o(.constdata)
    OSCfg_TmrTaskStkBasePtr                  0x0800e91c   Data           4  os_cfg_app.o(.constdata)
    OSCfg_TmrTaskStkLimit                    0x0800e920   Data           4  os_cfg_app.o(.constdata)
    OSCfg_TmrTaskStkSize                     0x0800e924   Data           4  os_cfg_app.o(.constdata)
    OSCfg_TmrTaskStkSizeRAM                  0x0800e928   Data           4  os_cfg_app.o(.constdata)
    OSCfg_TmrWheelSize                       0x0800e92c   Data           2  os_cfg_app.o(.constdata)
    OSCfg_TmrWheelSizeRAM                    0x0800e930   Data           4  os_cfg_app.o(.constdata)
    OSCfg_DataSizeRAM                        0x0800e934   Data           4  os_cfg_app.o(.constdata)
    OSDbg_DbgEn                              0x0800e938   Data           2  os_dbg.o(.constdata)
    OSDbg_ArgChkEn                           0x0800e93a   Data           1  os_dbg.o(.constdata)
    OSDbg_AppHooksEn                         0x0800e93b   Data           1  os_dbg.o(.constdata)
    OSDbg_EndiannessTest                     0x0800e93c   Data           4  os_dbg.o(.constdata)
    OSDbg_CalledFromISRChkEn                 0x0800e940   Data           1  os_dbg.o(.constdata)
    OSDbg_FlagEn                             0x0800e941   Data           1  os_dbg.o(.constdata)
    OSDbg_FlagGrp                            0x0800e944   Data          40  os_dbg.o(.constdata)
    OSDbg_FlagDelEn                          0x0800e96c   Data           1  os_dbg.o(.constdata)
    OSDbg_FlagModeClrEn                      0x0800e96d   Data           1  os_dbg.o(.constdata)
    OSDbg_FlagPendAbortEn                    0x0800e96e   Data           1  os_dbg.o(.constdata)
    OSDbg_FlagGrpSize                        0x0800e970   Data           2  os_dbg.o(.constdata)
    OSDbg_FlagWidth                          0x0800e972   Data           2  os_dbg.o(.constdata)
    OSDbg_IntQ                               0x0800e974   Data           2  os_dbg.o(.constdata)
    OSDbg_ISRPostDeferredEn                  0x0800e976   Data           1  os_dbg.o(.constdata)
    OSDbg_Mem                                0x0800e978   Data          32  os_dbg.o(.constdata)
    OSDbg_MemEn                              0x0800e998   Data           1  os_dbg.o(.constdata)
    OSDbg_MemSize                            0x0800e99a   Data           2  os_dbg.o(.constdata)
    OSDbg_MsgEn                              0x0800e99c   Data           1  os_dbg.o(.constdata)
    OSDbg_MsgSize                            0x0800e99e   Data           2  os_dbg.o(.constdata)
    OSDbg_MsgPoolSize                        0x0800e9a0   Data           2  os_dbg.o(.constdata)
    OSDbg_MsgQSize                           0x0800e9a2   Data           2  os_dbg.o(.constdata)
    OSDbg_Mutex                              0x0800e9a4   Data          44  os_dbg.o(.constdata)
    OSDbg_MutexEn                            0x0800e9d0   Data           1  os_dbg.o(.constdata)
    OSDbg_MutexDelEn                         0x0800e9d1   Data           1  os_dbg.o(.constdata)
    OSDbg_MutexPendAbortEn                   0x0800e9d2   Data           1  os_dbg.o(.constdata)
    OSDbg_MutexSize                          0x0800e9d4   Data           2  os_dbg.o(.constdata)
    OSDbg_ObjTypeChkEn                       0x0800e9d6   Data           1  os_dbg.o(.constdata)
    OSDbg_PendMultiEn                        0x0800e9d7   Data           1  os_dbg.o(.constdata)
    OSDbg_PendDataSize                       0x0800e9d8   Data           2  os_dbg.o(.constdata)
    OSDbg_PendListSize                       0x0800e9da   Data           2  os_dbg.o(.constdata)
    OSDbg_PendObjSize                        0x0800e9dc   Data           2  os_dbg.o(.constdata)
    OSDbg_PrioMax                            0x0800e9de   Data           2  os_dbg.o(.constdata)
    OSDbg_PrioTblSize                        0x0800e9e0   Data           2  os_dbg.o(.constdata)
    OSDbg_PtrSize                            0x0800e9e2   Data           2  os_dbg.o(.constdata)
    OSDbg_Q                                  0x0800e9e4   Data          48  os_dbg.o(.constdata)
    OSDbg_QEn                                0x0800ea14   Data           1  os_dbg.o(.constdata)
    OSDbg_QDelEn                             0x0800ea15   Data           1  os_dbg.o(.constdata)
    OSDbg_QFlushEn                           0x0800ea16   Data           1  os_dbg.o(.constdata)
    OSDbg_QPendAbortEn                       0x0800ea17   Data           1  os_dbg.o(.constdata)
    OSDbg_QSize                              0x0800ea18   Data           2  os_dbg.o(.constdata)
    OSDbg_SchedRoundRobinEn                  0x0800ea1a   Data           1  os_dbg.o(.constdata)
    OSDbg_Sem                                0x0800ea1c   Data          40  os_dbg.o(.constdata)
    OSDbg_SemEn                              0x0800ea44   Data           1  os_dbg.o(.constdata)
    OSDbg_SemDelEn                           0x0800ea45   Data           1  os_dbg.o(.constdata)
    OSDbg_SemPendAbortEn                     0x0800ea46   Data           1  os_dbg.o(.constdata)
    OSDbg_SemSetEn                           0x0800ea47   Data           1  os_dbg.o(.constdata)
    OSDbg_SemSize                            0x0800ea48   Data           2  os_dbg.o(.constdata)
    OSDbg_RdyList                            0x0800ea4a   Data           2  os_dbg.o(.constdata)
    OSDbg_RdyListSize                        0x0800ea4c   Data           4  os_dbg.o(.constdata)
    OSDbg_StkWidth                           0x0800ea50   Data           1  os_dbg.o(.constdata)
    OSDbg_StatTaskEn                         0x0800ea51   Data           1  os_dbg.o(.constdata)
    OSDbg_StatTaskStkChkEn                   0x0800ea52   Data           1  os_dbg.o(.constdata)
    OSDbg_TaskChangePrioEn                   0x0800ea53   Data           1  os_dbg.o(.constdata)
    OSDbg_TaskDelEn                          0x0800ea54   Data           1  os_dbg.o(.constdata)
    OSDbg_TaskQEn                            0x0800ea55   Data           1  os_dbg.o(.constdata)
    OSDbg_TaskQPendAbortEn                   0x0800ea56   Data           1  os_dbg.o(.constdata)
    OSDbg_TaskProfileEn                      0x0800ea57   Data           1  os_dbg.o(.constdata)
    OSDbg_TaskRegTblSize                     0x0800ea58   Data           2  os_dbg.o(.constdata)
    OSDbg_TaskSemPendAbortEn                 0x0800ea5a   Data           1  os_dbg.o(.constdata)
    OSDbg_TaskSuspendEn                      0x0800ea5b   Data           1  os_dbg.o(.constdata)
    OSDbg_TCBSize                            0x0800ea5c   Data           2  os_dbg.o(.constdata)
    OSDbg_TickSpokeSize                      0x0800ea5e   Data           2  os_dbg.o(.constdata)
    OSDbg_TimeDlyHMSMEn                      0x0800ea60   Data           1  os_dbg.o(.constdata)
    OSDbg_TimeDlyResumeEn                    0x0800ea61   Data           1  os_dbg.o(.constdata)
    OSDbg_TLS_TblSize                        0x0800ea62   Data           2  os_dbg.o(.constdata)
    OSDbg_Tmr                                0x0800ea64   Data          52  os_dbg.o(.constdata)
    OSDbg_TmrEn                              0x0800ea98   Data           1  os_dbg.o(.constdata)
    OSDbg_TmrDelEn                           0x0800ea99   Data           1  os_dbg.o(.constdata)
    OSDbg_TmrSize                            0x0800ea9a   Data           2  os_dbg.o(.constdata)
    OSDbg_TmrSpokeSize                       0x0800ea9c   Data           2  os_dbg.o(.constdata)
    OSDbg_VersionNbr                         0x0800ea9e   Data           2  os_dbg.o(.constdata)
    OSDbg_DataSize                           0x0800eaa0   Data           4  os_dbg.o(.constdata)
    Region$$Table$$Base                      0x0800eaa4   Number         0  anon$$obj.o(Region$$Table)
    Region$$Table$$Limit                     0x0800eac4   Number         0  anon$$obj.o(Region$$Table)
    State_Autotask                           0x20000000   Data           1  main.o(.data)
    State_Controltask                        0x20000001   Data           1  main.o(.data)
    State_PIDtask                            0x20000002   Data           1  main.o(.data)
    State_DEMO1task                          0x20000003   Data           1  main.o(.data)
    State_Manualtask                         0x20000004   Data           1  main.o(.data)
    State_DEMOtask                           0x20000005   Data           1  main.o(.data)
    State_WIFItask                           0x20000006   Data           1  main.o(.data)
    flag_szd                                 0x20000007   Data           1  main.o(.data)
    cy_time                                  0x20000008   Data           1  main.o(.data)
    speek_flag                               0x20000009   Data           1  main.o(.data)
    motor1                                   0x2000000a   Data           2  main.o(.data)
    motor2                                   0x2000000c   Data           2  main.o(.data)
    motor3                                   0x2000000e   Data           2  main.o(.data)
    motor4                                   0x20000010   Data           2  main.o(.data)
    FLASH_SIZE                               0x20000014   Data           4  main.o(.data)
    du_flag                                  0x20000018   Data           1  main.o(.data)
    Manual_juli                              0x20000019   Data           1  main.o(.data)
    demo_speed                               0x2000001a   Data           2  main.o(.data)
    rece_index                               0x2000001c   Data           1  dma.o(.data)
    rece2_index                              0x2000001d   Data           1  dma.o(.data)
    rece6_index                              0x2000001e   Data           1  dma.o(.data)
    rece3_index                              0x2000001f   Data           1  dma.o(.data)
    W25QXX_TYPE                              0x20000020   Data           2  w25qxx.o(.data)
    tim31_count                              0x20000024   Data           4  timer2.o(.data)
    tim32_count                              0x20000028   Data           4  timer2.o(.data)
    tim91_count                              0x2000002c   Data           4  timer2.o(.data)
    tim92_count                              0x20000030   Data           4  timer2.o(.data)
    can_Sebuf                                0x20000034   Data           4  can.o(.data)
    can_Rebuf                                0x20000038   Data           2  can.o(.data)
    OutPut                                   0x2000003a   Data          10  can.o(.data)
    Input                                    0x20000044   Data          11  can.o(.data)
    cdh_16                                   0x20000050   Data           2  can.o(.data)
    count31                                  0x20000054   Data           4  capcount3.o(.data)
    count32                                  0x20000058   Data           4  capcount3.o(.data)
    count91                                  0x2000005c   Data           4  capcount9.o(.data)
    count92                                  0x20000060   Data           4  capcount9.o(.data)
    reclength                                0x20000064   Data           2  modbus_slave.o(.data)
    sendlength                               0x20000066   Data           2  modbus_slave.o(.data)
    XFS_StopCom                              0x20000068   Data           4  xf.o(.data)
    XFS_SuspendCom                           0x2000006c   Data           4  xf.o(.data)
    XFS_RecoverCom                           0x20000070   Data           4  xf.o(.data)
    XFS_ChackCom                             0x20000074   Data           4  xf.o(.data)
    XFS_PowerDownCom                         0x20000078   Data           4  xf.o(.data)
    XIAO_YAN                                 0x2000007c   Data           9  xf.o(.data)
    XU_JIU                                   0x20000085   Data          10  xf.o(.data)
    YU_DUO                                   0x2000008f   Data          10  xf.o(.data)
    XIAO_PING                                0x20000099   Data          10  xf.o(.data)
    LAO_YA                                   0x200000a3   Data          10  xf.o(.data)
    XIAO_BAO                                 0x200000ad   Data          10  xf.o(.data)
    YIN_LIANG0                               0x200000b7   Data           9  xf.o(.data)
    YIN_LIANG1                               0x200000c0   Data           9  xf.o(.data)
    YIN_LIANG2                               0x200000c9   Data           9  xf.o(.data)
    YIN_LIANG3                               0x200000d2   Data           9  xf.o(.data)
    YIN_LIANG4                               0x200000db   Data           9  xf.o(.data)
    YIN_LIANG5                               0x200000e4   Data           9  xf.o(.data)
    YIN_LIANG6                               0x200000ed   Data           9  xf.o(.data)
    YIN_LIANG7                               0x200000f6   Data           9  xf.o(.data)
    YIN_LIANG8                               0x200000ff   Data           9  xf.o(.data)
    YIN_LIANG9                               0x20000108   Data           9  xf.o(.data)
    YIN_SU0                                  0x20000111   Data           9  xf.o(.data)
    YIN_SU1                                  0x2000011a   Data           9  xf.o(.data)
    YIN_SU2                                  0x20000123   Data           9  xf.o(.data)
    YIN_SU3                                  0x2000012c   Data           9  xf.o(.data)
    YIN_SU4                                  0x20000135   Data           9  xf.o(.data)
    YIN_SU5                                  0x2000013e   Data           9  xf.o(.data)
    YIN_SU6                                  0x20000147   Data           9  xf.o(.data)
    YIN_SU7                                  0x20000150   Data           9  xf.o(.data)
    YIN_SU8                                  0x20000159   Data           9  xf.o(.data)
    YIN_SU9                                  0x20000162   Data           9  xf.o(.data)
    YIN_DIAO0                                0x2000016b   Data           9  xf.o(.data)
    YIN_DIAO1                                0x20000174   Data           9  xf.o(.data)
    YIN_DIAO2                                0x2000017d   Data           9  xf.o(.data)
    YIN_DIAO3                                0x20000186   Data           9  xf.o(.data)
    YIN_DIAO4                                0x2000018f   Data           9  xf.o(.data)
    YIN_DIAO5                                0x20000198   Data           9  xf.o(.data)
    YIN_DIAO6                                0x200001a1   Data           9  xf.o(.data)
    YIN_DIAO7                                0x200001aa   Data           9  xf.o(.data)
    YIN_DIAO8                                0x200001b3   Data           9  xf.o(.data)
    YIN_DIAO9                                0x200001bc   Data           9  xf.o(.data)
    beep_flag                                0x200001c8   Data           1  function.o(.data)
    dir                                      0x200001c9   Data           1  function.o(.data)
    XuanZhuanNUM                             0x200001ca   Data           1  function.o(.data)
    startAsk                                 0x200001cb   Data           1  function.o(.data)
    stopAsk                                  0x200001cc   Data           1  function.o(.data)
    zyAsk                                    0x200001cd   Data           1  function.o(.data)
    yyAsk                                    0x200001ce   Data           1  function.o(.data)
    flag_qd                                  0x200001cf   Data           1  function.o(.data)
    car_statu                                0x200001d0   Data           1  function.o(.data)
    DstSpeed                                 0x200001d2   Data           2  function.o(.data)
    CAN1_Sebuf                               0x200001d4   Data           5  function.o(.data)
    xunzhuan_speed                           0x200001da   Data           2  function.o(.data)
    pingyi_speed                             0x200001dc   Data           2  function.o(.data)
    jiting_flag                              0x200001de   Data           1  function.o(.data)
    zuoyi_flag                               0x200001df   Data           1  function.o(.data)
    youyi_flag                               0x200001e0   Data           1  function.o(.data)
    zuoxuan_flag                             0x200001e1   Data           1  function.o(.data)
    youxuan_flag                             0x200001e2   Data           1  function.o(.data)
    keynumber                                0x200001e4   Data           2  function.o(.data)
    ADC_POWER                                0x200001e8   Data           8  function.o(.data)
    ADC_DWQ1                                 0x200001f0   Data           8  function.o(.data)
    ADC_DWQ2                                 0x200001f8   Data           8  function.o(.data)
    speed                                    0x20000200   Data           2  function.o(.data)
    ld_juli                                  0x20000202   Data           1  function.o(.data)
    Jhwai_flag                               0x20000203   Data           1  function.o(.data)
    Yhwai_flag                               0x20000204   Data           1  function.o(.data)
    Jhwai_switch                             0x20000205   Data           1  function.o(.data)
    Yhwai_switch                             0x20000206   Data           1  function.o(.data)
    speed1                                   0x20000208   Data           4  function.o(.data)
    speed2                                   0x2000020c   Data           4  function.o(.data)
    speed3                                   0x20000210   Data           4  function.o(.data)
    speed4                                   0x20000214   Data           4  function.o(.data)
    Cdh1_Inc                                 0x20000218   Data           4  function.o(.data)
    fencha_dir                               0x2000021c   Data           1  function.o(.data)
    tubian_num                               0x2000021d   Data           1  function.o(.data)
    voltage                                  0x2000021e   Data           2  function.o(.data)
    MAh                                      0x20000220   Data           2  function.o(.data)
    Current                                  0x20000222   Data           2  function.o(.data)
    HmiRouteNumFlag                          0x20000224   Data           2  route.o(.data)
    HmiRouteCopiedNumTemp                    0x20000226   Data           2  route.o(.data)
    HmiProcessNumFlag                        0x20000228   Data           2  route.o(.data)
    HmiProcessCopiedNumTemp                  0x2000022a   Data           2  route.o(.data)
    send_ok                                  0x2000022c   Data           1  read.o(.data)
    receive_ok                               0x2000022d   Data           1  read.o(.data)
    readstate                                0x2000022e   Data           1  read.o(.data)
    lujing_readstate                         0x2000022f   Data           1  read.o(.data)
    zhandian_readstate                       0x20000230   Data           1  read.o(.data)
    liucheng_readstate                       0x20000231   Data           1  read.o(.data)
    xuhao_readstate                          0x20000232   Data           1  read.o(.data)
    sum                                      0x20000234   Data           2  read.o(.data)
    parment_number                           0x20000236   Data           2  read.o(.data)
    lujing_number                            0x20000238   Data           2  read.o(.data)
    liucheng_number                          0x2000023a   Data           2  read.o(.data)
    zhandian_number                          0x2000023c   Data           2  read.o(.data)
    xuhao_number                             0x2000023e   Data           2  read.o(.data)
    zhandian_sum                             0x20000240   Data           2  read.o(.data)
    xuhao_sum                                0x20000242   Data           2  read.o(.data)
    rout_number                              0x20000244   Data           2  read.o(.data)
    length                                   0x20000246   Data           2  read.o(.data)
    CPU_TS_TmrFreq_Hz                        0x2000025c   Data           4  cpu_core.o(.data)
    OSPrioTbl                                0x20000260   Data           8  os_prio.o(.data)
    OS_AppTaskCreateHookPtr                  0x20000268   Data           4  os_var.o(.data)
    OS_AppTaskDelHookPtr                     0x2000026c   Data           4  os_var.o(.data)
    OS_AppTaskReturnHookPtr                  0x20000270   Data           4  os_var.o(.data)
    OS_AppIdleTaskHookPtr                    0x20000274   Data           4  os_var.o(.data)
    OS_AppStatTaskHookPtr                    0x20000278   Data           4  os_var.o(.data)
    OS_AppTaskSwHookPtr                      0x2000027c   Data           4  os_var.o(.data)
    OS_AppTimeTickHookPtr                    0x20000280   Data           4  os_var.o(.data)
    OSIdleTaskCtr                            0x20000284   Data           4  os_var.o(.data)
    OSIntNestingCtr                          0x20000288   Data           1  os_var.o(.data)
    OSRunning                                0x20000289   Data           1  os_var.o(.data)
    OSIntQInPtr                              0x2000028c   Data           4  os_var.o(.data)
    OSIntQOutPtr                             0x20000290   Data           4  os_var.o(.data)
    OSIntQNbrEntries                         0x20000294   Data           2  os_var.o(.data)
    OSIntQNbrEntriesMax                      0x20000296   Data           2  os_var.o(.data)
    OSIntQOvfCtr                             0x20000298   Data           2  os_var.o(.data)
    OSIntQTaskTimeMax                        0x2000029c   Data           4  os_var.o(.data)
    OSFlagDbgListPtr                         0x200002a0   Data           4  os_var.o(.data)
    OSFlagQty                                0x200002a4   Data           2  os_var.o(.data)
    OSMemDbgListPtr                          0x200002a8   Data           4  os_var.o(.data)
    OSMemQty                                 0x200002ac   Data           2  os_var.o(.data)
    OSMutexDbgListPtr                        0x200002b0   Data           4  os_var.o(.data)
    OSMutexQty                               0x200002b4   Data           2  os_var.o(.data)
    OSPrioCur                                0x200002b6   Data           1  os_var.o(.data)
    OSPrioHighRdy                            0x200002b7   Data           1  os_var.o(.data)
    OSPrioSaved                              0x200002b8   Data           1  os_var.o(.data)
    OSQDbgListPtr                            0x200002bc   Data           4  os_var.o(.data)
    OSQQty                                   0x200002c0   Data           2  os_var.o(.data)
    OSSchedLockTimeBegin                     0x200002c4   Data           4  os_var.o(.data)
    OSSchedLockTimeMax                       0x200002c8   Data           4  os_var.o(.data)
    OSSchedLockTimeMaxCur                    0x200002cc   Data           4  os_var.o(.data)
    OSSchedLockNestingCtr                    0x200002d0   Data           1  os_var.o(.data)
    OSSchedRoundRobinDfltTimeQuanta          0x200002d4   Data           4  os_var.o(.data)
    OSSchedRoundRobinEn                      0x200002d8   Data           1  os_var.o(.data)
    OSSemDbgListPtr                          0x200002dc   Data           4  os_var.o(.data)
    OSSemQty                                 0x200002e0   Data           2  os_var.o(.data)
    OSStatResetFlag                          0x200002e2   Data           1  os_var.o(.data)
    OSStatTaskCPUUsage                       0x200002e4   Data           2  os_var.o(.data)
    OSStatTaskCPUUsageMax                    0x200002e6   Data           2  os_var.o(.data)
    OSStatTaskCtr                            0x200002e8   Data           4  os_var.o(.data)
    OSStatTaskCtrMax                         0x200002ec   Data           4  os_var.o(.data)
    OSStatTaskCtrRun                         0x200002f0   Data           4  os_var.o(.data)
    OSStatTaskRdy                            0x200002f4   Data           1  os_var.o(.data)
    OSStatTaskTimeMax                        0x200002f8   Data           4  os_var.o(.data)
    OSTaskCtxSwCtr                           0x200002fc   Data           4  os_var.o(.data)
    OSTaskDbgListPtr                         0x20000300   Data           4  os_var.o(.data)
    OSTaskQty                                0x20000304   Data           2  os_var.o(.data)
    OSTaskRegNextAvailID                     0x20000306   Data           1  os_var.o(.data)
    OSTickCtr                                0x20000308   Data           4  os_var.o(.data)
    OSTickTaskTimeMax                        0x2000030c   Data           4  os_var.o(.data)
    OSTmrDbgListPtr                          0x20000310   Data           4  os_var.o(.data)
    OSTmrQty                                 0x20000314   Data           2  os_var.o(.data)
    OSTmrTaskTimeMax                         0x20000318   Data           4  os_var.o(.data)
    OSTmrTickCtr                             0x2000031c   Data           4  os_var.o(.data)
    OSTmrUpdateCnt                           0x20000320   Data           4  os_var.o(.data)
    OSTmrUpdateCtr                           0x20000324   Data           4  os_var.o(.data)
    OSTCBCurPtr                              0x20000328   Data           4  os_var.o(.data)
    OSTCBHighRdyPtr                          0x2000032c   Data           4  os_var.o(.data)
    OS_CPU_ExceptStkBase                     0x20000330   Data           4  os_cpu_c.o(.data)
    StartTaskTCB                             0x20000334   Data         196  main.o(.bss)
    START_TASK_STK                           0x200003f8   Data        2048  main.o(.bss)
    TransducerTaskTCB                        0x20000bf8   Data         196  main.o(.bss)
    Transducer_TASK_STK                      0x20000cbc   Data        2048  main.o(.bss)
    AutoTaskTCB                              0x200014bc   Data         196  main.o(.bss)
    Auto_TASK_STK                            0x20001580   Data        2048  main.o(.bss)
    ManualTaskTCB                            0x20001d80   Data         196  main.o(.bss)
    Manual_TASK_STK                          0x20001e44   Data        2048  main.o(.bss)
    FloatTaskTCB                             0x20002644   Data         196  main.o(.bss)
    FLOAT_TASK_STK                           0x20002708   Data        2048  main.o(.bss)
    DEMOTaskTCB                              0x20002f08   Data         196  main.o(.bss)
    DEMO_TASK_STK                            0x20002fcc   Data        2048  main.o(.bss)
    Task5_TaskTCB                            0x200037cc   Data         196  main.o(.bss)
    Task5_TASK_STK                           0x20003890   Data        2048  main.o(.bss)
    ControlTaskTCB                           0x20004090   Data         196  main.o(.bss)
    Control_TASK_STK                         0x20004154   Data        2048  main.o(.bss)
    WIFITaskTCB                              0x20004954   Data         196  main.o(.bss)
    WIFI_TASK_STK                            0x20004a18   Data        2048  main.o(.bss)
    ScreenTaskTCB                            0x20005218   Data         196  main.o(.bss)
    Screen_TASK_STK                          0x200052dc   Data        2048  main.o(.bss)
    DEMO1TaskTCB                             0x20005adc   Data         196  main.o(.bss)
    DEMO1_TASK_STK                           0x20005ba0   Data        2048  main.o(.bss)
    DEMO2TaskTCB                             0x200063a0   Data         196  main.o(.bss)
    DEMO2_TASK_STK                           0x20006464   Data        2048  main.o(.bss)
    PIDTaskTCB                               0x20006c64   Data         196  main.o(.bss)
    PID_TASK_STK                             0x20006d28   Data        2048  main.o(.bss)
    StationData                              0x20007528   Data          32  main.o(.bss)
    AD_Value                                 0x20007548   Data         180  dma.o(.bss)
    After_filter                             0x20007600   Data          24  dma.o(.bss)
    sendBuf                                  0x20007618   Data         250  dma.o(.bss)
    receBuf                                  0x20007712   Data         250  dma.o(.bss)
    rece2_buf                                0x2000780c   Data         250  dma.o(.bss)
    send2_buf                                0x20007906   Data         250  dma.o(.bss)
    rece6_buf                                0x20007a00   Data         250  dma.o(.bss)
    send6_buf                                0x20007afa   Data         250  dma.o(.bss)
    rece3_buf                                0x20007bf4   Data         130  dma.o(.bss)
    send3_buf                                0x20007c76   Data         130  dma.o(.bss)
    W25QXX_BUFFER                            0x20007cf8   Data        4096  w25qxx.o(.bss)
    Buffer_Read                              0x20008cf8   Data        2000  w25qxx.o(.bss)
    Buffer_Write                             0x200094c8   Data        2000  w25qxx.o(.bss)
    RxMessage                                0x20009c98   Data          20  can.o(.bss)
    front_cdh16                              0x20009cac   Data          28  cdhdata.o(.bss)
    backl_cdh8                               0x20009cc8   Data          28  cdhdata.o(.bss)
    backr_cdh8                               0x20009ce4   Data          28  cdhdata.o(.bss)
    findtemp                                 0x20009d00   Data          28  cdhdata.o(.bss)
    PLC_InPut                                0x20009d1c   Data          64  modbus_slave.o(.bss)
    PLC_OutPut                               0x20009d5c   Data         128  modbus_slave.o(.bss)
    PLC_Data                                 0x20009ddc   Data         256  modbus_slave.o(.bss)
    PID                                      0x20009edc   Data          32  pid.o(.bss)
    SystemParameter                          0x20009efc   Data         202  route.o(.bss)
    RouteStationNum                          0x20009fc6   Data        1000  route.o(.bss)
    NowRouteInfor                            0x2000a3ae   Data        4000  route.o(.bss)
    StationInfor                             0x2000b34e   Data          40  route.o(.bss)
    ProcessStepNum                           0x2000b376   Data        1000  route.o(.bss)
    NowProcessInfor                          0x2000b75e   Data        1000  route.o(.bss)
    lujing_cun                               0x2000bb46   Data         500  read.o(.bss)
    liucheng_cun                             0x2000bd3a   Data         500  read.o(.bss)
    CPU_Name                                 0x2000bf2e   Data          16  cpu_core.o(.bss)
    OSCfg_IdleTaskStk                        0x2000bf40   Data         512  os_cfg_app.o(.bss)
    OSCfg_IntQ                               0x2000c140   Data         320  os_cfg_app.o(.bss)
    OSCfg_IntQTaskStk                        0x2000c280   Data         512  os_cfg_app.o(.bss)
    OSCfg_ISRStk                             0x2000c480   Data         512  os_cfg_app.o(.bss)
    OSCfg_MsgPool                            0x2000c680   Data        1600  os_cfg_app.o(.bss)
    OSCfg_StatTaskStk                        0x2000ccc0   Data         512  os_cfg_app.o(.bss)
    OSCfg_TickTaskStk                        0x2000cec0   Data         512  os_cfg_app.o(.bss)
    OSCfg_TickWheel                          0x2000d0c0   Data         136  os_cfg_app.o(.bss)
    OSCfg_TmrTaskStk                         0x2000d148   Data         512  os_cfg_app.o(.bss)
    OSCfg_TmrWheel                           0x2000d348   Data         136  os_cfg_app.o(.bss)
    OSIdleTaskTCB                            0x2000d3d0   Data         196  os_var.o(.bss)
    OSIntQTaskTCB                            0x2000d494   Data         196  os_var.o(.bss)
    OSMsgPool                                0x2000d558   Data          12  os_var.o(.bss)
    OSRdyList                                0x2000d564   Data         768  os_var.o(.bss)
    OSStatTaskTCB                            0x2000d864   Data         196  os_var.o(.bss)
    OSTickTaskTCB                            0x2000d928   Data         196  os_var.o(.bss)
    OSTmrTaskTCB                             0x2000d9ec   Data         196  os_var.o(.bss)
    __libspace_start                         0x2000dab0   Data          96  libspace.o(.bss)
    __temporary_stack_top$libspace           0x2000db10   Data           0  libspace.o(.bss)



==============================================================================

Memory Map of the image

  Image Entry point : 0x08000189

  Load Region LR_IROM1 (Base: 0x08000000, Size: 0x0000edf8, Max: 0x00080000, ABSOLUTE, COMPRESSED[0x0000eb94])

    Execution Region ER_IROM1 (Base: 0x08000000, Size: 0x0000eac4, Max: 0x00080000, ABSOLUTE)

    Base Addr    Size         Type   Attr      Idx    E Section Name        Object

    0x08000000   0x00000188   Data   RO         1685    RESET               startup_stm32f40_41xxx.o
    0x08000188   0x00000008   Code   RO         5864  * !!!main             c_w.l(__main.o)
    0x08000190   0x00000034   Code   RO         6209    !!!scatter          c_w.l(__scatter.o)
    0x080001c4   0x0000005a   Code   RO         6207    !!dczerorl2         c_w.l(__dczerorl2.o)
    0x0800021e   0x00000002   PAD
    0x08000220   0x0000001c   Code   RO         6211    !!handler_zi        c_w.l(__scatter_zi.o)
    0x0800023c   0x00000002   Code   RO         6073    .ARM.Collect$$libinit$$00000000  c_w.l(libinit.o)
    0x0800023e   0x00000004   Code   RO         6094    .ARM.Collect$$libinit$$00000001  c_w.l(libinit2.o)
    0x08000242   0x00000000   Code   RO         6097    .ARM.Collect$$libinit$$00000004  c_w.l(libinit2.o)
    0x08000242   0x00000000   Code   RO         6100    .ARM.Collect$$libinit$$0000000A  c_w.l(libinit2.o)
    0x08000242   0x00000000   Code   RO         6102    .ARM.Collect$$libinit$$0000000C  c_w.l(libinit2.o)
    0x08000242   0x00000000   Code   RO         6104    .ARM.Collect$$libinit$$0000000E  c_w.l(libinit2.o)
    0x08000242   0x00000000   Code   RO         6107    .ARM.Collect$$libinit$$00000011  c_w.l(libinit2.o)
    0x08000242   0x00000000   Code   RO         6109    .ARM.Collect$$libinit$$00000013  c_w.l(libinit2.o)
    0x08000242   0x00000000   Code   RO         6111    .ARM.Collect$$libinit$$00000015  c_w.l(libinit2.o)
    0x08000242   0x00000000   Code   RO         6113    .ARM.Collect$$libinit$$00000017  c_w.l(libinit2.o)
    0x08000242   0x00000000   Code   RO         6115    .ARM.Collect$$libinit$$00000019  c_w.l(libinit2.o)
    0x08000242   0x00000000   Code   RO         6117    .ARM.Collect$$libinit$$0000001B  c_w.l(libinit2.o)
    0x08000242   0x00000000   Code   RO         6119    .ARM.Collect$$libinit$$0000001D  c_w.l(libinit2.o)
    0x08000242   0x00000000   Code   RO         6121    .ARM.Collect$$libinit$$0000001F  c_w.l(libinit2.o)
    0x08000242   0x00000000   Code   RO         6123    .ARM.Collect$$libinit$$00000021  c_w.l(libinit2.o)
    0x08000242   0x00000000   Code   RO         6125    .ARM.Collect$$libinit$$00000023  c_w.l(libinit2.o)
    0x08000242   0x00000000   Code   RO         6127    .ARM.Collect$$libinit$$00000025  c_w.l(libinit2.o)
    0x08000242   0x00000000   Code   RO         6131    .ARM.Collect$$libinit$$0000002C  c_w.l(libinit2.o)
    0x08000242   0x00000000   Code   RO         6133    .ARM.Collect$$libinit$$0000002E  c_w.l(libinit2.o)
    0x08000242   0x00000000   Code   RO         6135    .ARM.Collect$$libinit$$00000030  c_w.l(libinit2.o)
    0x08000242   0x00000000   Code   RO         6137    .ARM.Collect$$libinit$$00000032  c_w.l(libinit2.o)
    0x08000242   0x00000002   Code   RO         6138    .ARM.Collect$$libinit$$00000033  c_w.l(libinit2.o)
    0x08000244   0x00000002   Code   RO         6164    .ARM.Collect$$libshutdown$$00000000  c_w.l(libshutdown.o)
    0x08000246   0x00000000   Code   RO         6192    .ARM.Collect$$libshutdown$$00000003  c_w.l(libshutdown2.o)
    0x08000246   0x00000000   Code   RO         6195    .ARM.Collect$$libshutdown$$00000006  c_w.l(libshutdown2.o)
    0x08000246   0x00000000   Code   RO         6198    .ARM.Collect$$libshutdown$$00000009  c_w.l(libshutdown2.o)
    0x08000246   0x00000000   Code   RO         6200    .ARM.Collect$$libshutdown$$0000000B  c_w.l(libshutdown2.o)
    0x08000246   0x00000000   Code   RO         6203    .ARM.Collect$$libshutdown$$0000000E  c_w.l(libshutdown2.o)
    0x08000246   0x00000002   Code   RO         6204    .ARM.Collect$$libshutdown$$0000000F  c_w.l(libshutdown2.o)
    0x08000248   0x00000000   Code   RO         5886    .ARM.Collect$$rtentry$$00000000  c_w.l(__rtentry.o)
    0x08000248   0x00000000   Code   RO         5992    .ARM.Collect$$rtentry$$00000002  c_w.l(__rtentry2.o)
    0x08000248   0x00000006   Code   RO         6004    .ARM.Collect$$rtentry$$00000004  c_w.l(__rtentry4.o)
    0x0800024e   0x00000000   Code   RO         5994    .ARM.Collect$$rtentry$$00000009  c_w.l(__rtentry2.o)
    0x0800024e   0x00000004   Code   RO         5995    .ARM.Collect$$rtentry$$0000000A  c_w.l(__rtentry2.o)
    0x08000252   0x00000000   Code   RO         5997    .ARM.Collect$$rtentry$$0000000C  c_w.l(__rtentry2.o)
    0x08000252   0x00000008   Code   RO         5998    .ARM.Collect$$rtentry$$0000000D  c_w.l(__rtentry2.o)
    0x0800025a   0x00000002   Code   RO         6081    .ARM.Collect$$rtexit$$00000000  c_w.l(rtexit.o)
    0x0800025c   0x00000000   Code   RO         6140    .ARM.Collect$$rtexit$$00000002  c_w.l(rtexit2.o)
    0x0800025c   0x00000004   Code   RO         6141    .ARM.Collect$$rtexit$$00000003  c_w.l(rtexit2.o)
    0x08000260   0x00000006   Code   RO         6142    .ARM.Collect$$rtexit$$00000004  c_w.l(rtexit2.o)
    0x08000266   0x00000002   PAD
    0x08000268   0x00000040   Code   RO         1686    .text               startup_stm32f40_41xxx.o
    0x080002a8   0x00000034   Code   RO         4159    .text               cpu_a.o
    0x080002dc   0x00000002   Code   RO         5844    .text               c_w.l(use_no_semi_2.o)
    0x080002de   0x00000024   Code   RO         5850    .text               c_w.l(strstr.o)
    0x08000302   0x0000003e   Code   RO         5852    .text               c_w.l(strlen.o)
    0x08000340   0x0000008a   Code   RO         5854    .text               c_w.l(rt_memcpy_v6.o)
    0x080003ca   0x00000064   Code   RO         5856    .text               c_w.l(rt_memcpy_w.o)
    0x0800042e   0x00000044   Code   RO         5858    .text               c_w.l(rt_memclr.o)
    0x08000472   0x0000004e   Code   RO         5860    .text               c_w.l(rt_memclr_w.o)
    0x080004c0   0x00000006   Code   RO         5862    .text               c_w.l(heapauxi.o)
    0x080004c6   0x00000002   Code   RO         5884    .text               c_w.l(use_no_semi.o)
    0x080004c8   0x0000004a   Code   RO         6023    .text               c_w.l(sys_stackheap_outer.o)
    0x08000512   0x0000000c   Code   RO         6062    .text               c_w.l(exit.o)
    0x0800051e   0x00000002   PAD
    0x08000520   0x00000008   Code   RO         6078    .text               c_w.l(libspace.o)
    0x08000528   0x000000ac   Code   RO         5773    CODE                os_cpu_a.o
    0x080005d4   0x000000b0   Code   RO          571    i.ADC1_Configuration  adc.o
    0x08000684   0x00000016   Code   RO         2418    i.ADC_Cmd           stm32f4xx_adc.o
    0x0800069a   0x00000002   PAD
    0x0800069c   0x00000030   Code   RO         2419    i.ADC_CommonInit    stm32f4xx_adc.o
    0x080006cc   0x00000016   Code   RO         2422    i.ADC_DMACmd        stm32f4xx_adc.o
    0x080006e2   0x00000016   Code   RO         2423    i.ADC_DMARequestAfterLastTransferCmd  stm32f4xx_adc.o
    0x080006f8   0x00000054   Code   RO         2438    i.ADC_Init          stm32f4xx_adc.o
    0x0800074c   0x000000b8   Code   RO         2443    i.ADC_RegularChannelConfig  stm32f4xx_adc.o
    0x08000804   0x0000000a   Code   RO         2445    i.ADC_SoftwareStartConv  stm32f4xx_adc.o
    0x0800080e   0x00000002   PAD
    0x08000810   0x00000108   Code   RO         1036    i.AnalyzeRecieve    modbus_slave.o
    0x08000918   0x000000c4   Code   RO            3    i.Auto_task         main.o
    0x080009dc   0x0000000e   Code   RO         3940    i.BSP_CPU_ClkFreq   bsp.o
    0x080009ea   0x00000004   Code   RO          378    i.BusFault_Handler  stm32f4xx_it.o
    0x080009ee   0x00000002   PAD
    0x080009f0   0x00000100   Code   RO          862    i.CAN1_Mode_Init    can.o
    0x08000af0   0x000000d4   Code   RO          863    i.CAN1_RX0_IRQHandler  can.o
    0x08000bc4   0x0000006c   Code   RO          865    i.CAN1_Send_Msg     can.o
    0x08000c30   0x00000104   Code   RO          866    i.CAN2_Mode_Init    can.o
    0x08000d34   0x00000068   Code   RO          867    i.CAN2_RX0_IRQHandler  can.o
    0x08000d9c   0x00000108   Code   RO         3645    i.CAN_FilterInit    stm32f4xx_can.o
    0x08000ea4   0x00000012   Code   RO         3651    i.CAN_ITConfig      stm32f4xx_can.o
    0x08000eb6   0x00000114   Code   RO         3652    i.CAN_Init          stm32f4xx_can.o
    0x08000fca   0x000000f0   Code   RO         3655    i.CAN_Receive       stm32f4xx_can.o
    0x080010ba   0x00000126   Code   RO         3660    i.CAN_Transmit      stm32f4xx_can.o
    0x080011e0   0x000000a0   Code   RO         3661    i.CAN_TransmitStatus  stm32f4xx_can.o
    0x08001280   0x0000000c   Code   RO         4035    i.CPU_Init          cpu_core.o
    0x0800128c   0x00000030   Code   RO         4036    i.CPU_NameClr       cpu_core.o
    0x080012bc   0x00000008   Code   RO         4038    i.CPU_NameInit      cpu_core.o
    0x080012c4   0x00000014   Code   RO         4042    i.CPU_TS_Init       cpu_core.o
    0x080012d8   0x0000000c   Code   RO         4044    i.CPU_TS_TmrFreqSet  cpu_core.o
    0x080012e4   0x00000034   Code   RO         3942    i.CPU_TS_TmrInit    bsp.o
    0x08001318   0x0000000c   Code   RO         3943    i.CPU_TS_TmrRd      bsp.o
    0x08001324   0x0000003a   Code   RO         1037    i.CalcCrc           modbus_slave.o
    0x0800135e   0x00000002   Code   RO          870    i.CanSend           can.o
    0x08001360   0x00000024   Code   RO         1467    i.ClearStationToHmi  route.o
    0x08001384   0x00000018   Code   RO         1468    i.ClearStepToHmi    route.o
    0x0800139c   0x00000034   Code   RO         1318    i.Clear_ReceBuf     function.o
    0x080013d0   0x00000464   Code   RO            4    i.Control_task      main.o
    0x08001834   0x00000078   Code   RO            5    i.DEMO1_task        main.o
    0x080018ac   0x00000054   Code   RO            6    i.DEMO2_task        main.o
    0x08001900   0x0000001a   Code   RO            7    i.DEMO_task         main.o
    0x0800191a   0x00000002   PAD
    0x0800191c   0x00000028   Code   RO          379    i.DMA1_Stream3_IRQHandler  stm32f4xx_it.o
    0x08001944   0x00000038   Code   RO          380    i.DMA1_Stream4_IRQHandler  stm32f4xx_it.o
    0x0800197c   0x00000028   Code   RO          381    i.DMA1_Stream6_IRQHandler  stm32f4xx_it.o
    0x080019a4   0x0000006c   Code   RO          382    i.DMA2_Stream0_IRQHandler  stm32f4xx_it.o
    0x08001a10   0x00000030   Code   RO          383    i.DMA2_Stream7_IRQHandler  stm32f4xx_it.o
    0x08001a40   0x00000034   Code   RO         2655    i.DMA_ClearITPendingBit  stm32f4xx_dma.o
    0x08001a74   0x00000016   Code   RO         2656    i.DMA_Cmd           stm32f4xx_dma.o
    0x08001a8a   0x00000002   PAD
    0x08001a8c   0x00000158   Code   RO         2657    i.DMA_DeInit        stm32f4xx_dma.o
    0x08001be4   0x00000008   Code   RO         2662    i.DMA_GetCurrDataCounter  stm32f4xx_dma.o
    0x08001bec   0x00000064   Code   RO         2666    i.DMA_GetITStatus   stm32f4xx_dma.o
    0x08001c50   0x0000003a   Code   RO         2667    i.DMA_ITConfig      stm32f4xx_dma.o
    0x08001c8a   0x00000002   PAD
    0x08001c8c   0x00000058   Code   RO         2668    i.DMA_Init          stm32f4xx_dma.o
    0x08001ce4   0x00000004   Code   RO         2671    i.DMA_SetCurrDataCounter  stm32f4xx_dma.o
    0x08001ce8   0x00000108   Code   RO          591    i.DMA_Uart2_Init    dma.o
    0x08001df0   0x00000108   Code   RO          592    i.DMA_Uart3_Init    dma.o
    0x08001ef8   0x00000108   Code   RO          593    i.DMA_Uart4_Init    dma.o
    0x08002000   0x00000108   Code   RO          594    i.DMA_Uart6_Init    dma.o
    0x08002108   0x0000009c   Code   RO          595    i.DMA_adc1_Init     dma.o
    0x080021a4   0x00000002   Code   RO          384    i.DebugMon_Handler  stm32f4xx_it.o
    0x080021a6   0x00000002   PAD
    0x080021a8   0x0000012c   Code   RO         1469    i.DeleteProcessData  route.o
    0x080022d4   0x000001b0   Code   RO         1003    i.FindSpace         cdhdata.o
    0x08002484   0x00000090   Code   RO         1737    i.GPIO_Init         stm32f4xx_gpio.o
    0x08002514   0x00000046   Code   RO         1738    i.GPIO_PinAFConfig  stm32f4xx_gpio.o
    0x0800255a   0x00000004   Code   RO         1744    i.GPIO_ResetBits    stm32f4xx_gpio.o
    0x0800255e   0x00000004   Code   RO         1745    i.GPIO_SetBits      stm32f4xx_gpio.o
    0x08002562   0x00000002   PAD
    0x08002564   0x00000014   Code   RO         1470    i.GetAllParameterFromSystem  route.o
    0x08002578   0x000000ec   Code   RO         1472    i.GetProcessData    route.o
    0x08002664   0x000000d8   Code   RO         1473    i.GetProcessDataFrom  route.o
    0x0800273c   0x00000028   Code   RO         1474    i.GetProcessStepNum  route.o
    0x08002764   0x00000054   Code   RO         1475    i.GetRouteData      route.o
    0x080027b8   0x0000003c   Code   RO         1476    i.GetRouteStationNum  route.o
    0x080027f4   0x00000024   Code   RO         1320    i.HT                function.o
    0x08002818   0x00000004   Code   RO          385    i.HardFault_Handler  stm32f4xx_it.o
    0x0800281c   0x00000034   Code   RO         1321    i.HexToChar         function.o
    0x08002850   0x00000044   Code   RO         1477    i.HmiAutoReload     route.o
    0x08002894   0x00000010   Code   RO         3802    i.IWDG_Enable       stm32f4xx_iwdg.o
    0x080028a4   0x00000008   Code   RO         1620    i.IWDG_Feed         iwdg.o
    0x080028ac   0x00000024   Code   RO         1621    i.IWDG_Init         iwdg.o
    0x080028d0   0x00000010   Code   RO         3804    i.IWDG_ReloadCounter  stm32f4xx_iwdg.o
    0x080028e0   0x0000000c   Code   RO         3805    i.IWDG_SetPrescaler  stm32f4xx_iwdg.o
    0x080028ec   0x0000000c   Code   RO         3806    i.IWDG_SetReload    stm32f4xx_iwdg.o
    0x080028f8   0x0000000c   Code   RO         3807    i.IWDG_WriteAccessCmd  stm32f4xx_iwdg.o
    0x08002904   0x00000108   Code   RO         1478    i.InsertProcessData  route.o
    0x08002a0c   0x0000029c   Code   RO          551    i.LED_Init          led.o
    0x08002ca8   0x0000005c   Code   RO         1323    i.LiDian_send       function.o
    0x08002d04   0x00000404   Code   RO            8    i.Manual_task       main.o
    0x08003108   0x00000004   Code   RO          386    i.MemManage_Handler  stm32f4xx_it.o
    0x0800310c   0x00000012   Code   RO         4303    i.Mem_Clr           lib_mem.o
    0x0800311e   0x00000054   Code   RO         4319    i.Mem_Set           lib_mem.o
    0x08003172   0x00000002   PAD
    0x08003174   0x000000a8   Code   RO         1324    i.MotoStop          function.o
    0x0800321c   0x00000080   Code   RO         1325    i.Motor_Fzhuan      function.o
    0x0800329c   0x00000080   Code   RO         1326    i.Motor_Zzhuan      function.o
    0x0800331c   0x00000002   Code   RO          387    i.NMI_Handler       stm32f4xx_it.o
    0x0800331e   0x00000002   PAD
    0x08003320   0x00000078   Code   RO         1692    i.NVIC_Init         misc.o
    0x08003398   0x00000014   Code   RO         1693    i.NVIC_PriorityGroupConfig  misc.o
    0x080033ac   0x000000fc   Code   RO         4572    i.OSCfg_Init        os_cfg_app.o
    0x080034a8   0x00000014   Code   RO         5689    i.OSIdleTaskHook    os_cpu_c.o
    0x080034bc   0x0000018c   Code   RO         4595    i.OSInit            os_core.o
    0x08003648   0x00000028   Code   RO         5690    i.OSInitHook        os_cpu_c.o
    0x08003670   0x0000002c   Code   RO         4596    i.OSIntEnter        os_core.o
    0x0800369c   0x000000dc   Code   RO         4597    i.OSIntExit         os_core.o
    0x08003778   0x000000a0   Code   RO         4598    i.OSSched           os_core.o
    0x08003818   0x00000074   Code   RO         4599    i.OSSchedLock       os_core.o
    0x0800388c   0x00000064   Code   RO         4600    i.OSSchedRoundRobinCfg  os_core.o
    0x080038f0   0x00000094   Code   RO         4602    i.OSSchedUnlock     os_core.o
    0x08003984   0x00000068   Code   RO         4603    i.OSStart           os_core.o
    0x080039ec   0x00000138   Code   RO         5295    i.OSStatReset       os_stat.o
    0x08003b24   0x000000f0   Code   RO         5296    i.OSStatTaskCPUUsageInit  os_stat.o
    0x08003c14   0x00000014   Code   RO         5691    i.OSStatTaskHook    os_cpu_c.o
    0x08003c28   0x0000025c   Code   RO         5326    i.OSTaskCreate      os_task.o
    0x08003e84   0x00000018   Code   RO         5692    i.OSTaskCreateHook  os_cpu_c.o
    0x08003e9c   0x000001c4   Code   RO         5327    i.OSTaskDel         os_task.o
    0x08004060   0x00000018   Code   RO         5693    i.OSTaskDelHook     os_cpu_c.o
    0x08004078   0x0000007c   Code   RO         5335    i.OSTaskResume      os_task.o
    0x080040f4   0x00000018   Code   RO         5694    i.OSTaskReturnHook  os_cpu_c.o
    0x0800410c   0x00000214   Code   RO         5336    i.OSTaskSemPend     os_task.o
    0x08004320   0x000000d4   Code   RO         5340    i.OSTaskStkChk      os_task.o
    0x080043f4   0x0000025c   Code   RO         5695    i.OSTaskStkInit     os_cpu_c.o
    0x08004650   0x00000060   Code   RO         5341    i.OSTaskSuspend     os_task.o
    0x080046b0   0x00000088   Code   RO         5696    i.OSTaskSwHook      os_cpu_c.o
    0x08004738   0x00000118   Code   RO         5541    i.OSTimeDly         os_time.o
    0x08004850   0x000001f0   Code   RO         5542    i.OSTimeDlyHMSM     os_time.o
    0x08004a40   0x00000044   Code   RO         5546    i.OSTimeTick        os_time.o
    0x08004a84   0x00000014   Code   RO         5697    i.OSTimeTickHook    os_cpu_c.o
    0x08004a98   0x000001b0   Code   RO         4841    i.OS_Dbg_Init       os_dbg.o
    0x08004c48   0x00000018   Code   RO         4866    i.OS_FlagInit       os_flag.o
    0x08004c60   0x00000230   Code   RO         4867    i.OS_FlagPost       os_flag.o
    0x08004e90   0x00000056   Code   RO         4868    i.OS_FlagTaskRdy    os_flag.o
    0x08004ee6   0x00000002   PAD
    0x08004ee8   0x00000044   Code   RO         4605    i.OS_IdleTask       os_core.o
    0x08004f2c   0x00000070   Code   RO         4606    i.OS_IdleTaskInit   os_core.o
    0x08004f9c   0x000000fc   Code   RO         4940    i.OS_IntQPost       os_int.o
    0x08005098   0x000001a4   Code   RO         4941    i.OS_IntQRePost     os_int.o
    0x0800523c   0x000000b4   Code   RO         4942    i.OS_IntQTask       os_int.o
    0x080052f0   0x00000128   Code   RO         4943    i.OS_IntQTaskInit   os_int.o
    0x08005418   0x00000018   Code   RO         4974    i.OS_MemInit        os_mem.o
    0x08005430   0x00000036   Code   RO         5006    i.OS_MsgPoolCreate  os_msg.o
    0x08005466   0x00000002   PAD
    0x08005468   0x00000054   Code   RO         5007    i.OS_MsgPoolInit    os_msg.o
    0x080054bc   0x00000044   Code   RO         5008    i.OS_MsgQFreeAll    os_msg.o
    0x08005500   0x0000000e   Code   RO         5010    i.OS_MsgQInit       os_msg.o
    0x0800550e   0x00000002   PAD
    0x08005510   0x000000fc   Code   RO         5011    i.OS_MsgQPut        os_msg.o
    0x0800560c   0x00000018   Code   RO         5056    i.OS_MutexInit      os_mutex.o
    0x08005624   0x00000068   Code   RO         4607    i.OS_Pend           os_core.o
    0x0800568c   0x00000026   Code   RO         4610    i.OS_PendDataInit   os_core.o
    0x080056b2   0x00000002   PAD
    0x080056b4   0x0000005c   Code   RO         4611    i.OS_PendDbgNameAdd  os_core.o
    0x08005710   0x00000024   Code   RO         4612    i.OS_PendDbgNameRemove  os_core.o
    0x08005734   0x00000066   Code   RO         4616    i.OS_PendListInsertPrio  os_core.o
    0x0800579a   0x00000030   Code   RO         4617    i.OS_PendListRemove  os_core.o
    0x080057ca   0x00000042   Code   RO         4618    i.OS_PendListRemove1  os_core.o
    0x0800580c   0x000000c0   Code   RO         4621    i.OS_Post           os_core.o
    0x080058cc   0x0000002a   Code   RO         4622    i.OS_Post1          os_core.o
    0x080058f6   0x00000002   PAD
    0x080058f8   0x00000028   Code   RO         5114    i.OS_PrioGetHighest  os_prio.o
    0x08005920   0x00000018   Code   RO         5115    i.OS_PrioInit       os_prio.o
    0x08005938   0x00000024   Code   RO         5116    i.OS_PrioInsert     os_prio.o
    0x0800595c   0x00000024   Code   RO         5117    i.OS_PrioRemove     os_prio.o
    0x08005980   0x00000018   Code   RO         5160    i.OS_QInit          os_q.o
    0x08005998   0x0000014c   Code   RO         5161    i.OS_QPost          os_q.o
    0x08005ae4   0x00000024   Code   RO         4623    i.OS_RdyListInit    os_core.o
    0x08005b08   0x0000002c   Code   RO         4624    i.OS_RdyListInsert  os_core.o
    0x08005b34   0x00000040   Code   RO         4625    i.OS_RdyListInsertHead  os_core.o
    0x08005b74   0x0000003c   Code   RO         4626    i.OS_RdyListInsertTail  os_core.o
    0x08005bb0   0x00000044   Code   RO         4627    i.OS_RdyListMoveHeadToTail  os_core.o
    0x08005bf4   0x0000005c   Code   RO         4628    i.OS_RdyListRemove  os_core.o
    0x08005c50   0x00000054   Code   RO         4629    i.OS_Sched0         os_core.o
    0x08005ca4   0x0000001c   Code   RO         4630    i.OS_SchedLockTimeMeasStart  os_core.o
    0x08005cc0   0x0000003c   Code   RO         4631    i.OS_SchedLockTimeMeasStop  os_core.o
    0x08005cfc   0x000000d0   Code   RO         4632    i.OS_SchedRoundRobin  os_core.o
    0x08005dcc   0x00000018   Code   RO         5232    i.OS_SemInit        os_sem.o
    0x08005de4   0x00000164   Code   RO         5233    i.OS_SemPost        os_sem.o
    0x08005f48   0x0000035c   Code   RO         5297    i.OS_StatTask       os_stat.o
    0x080062a4   0x000000cc   Code   RO         5298    i.OS_StatTaskInit   os_stat.o
    0x08006370   0x00000038   Code   RO         4633    i.OS_TaskBlock      os_core.o
    0x080063a8   0x00000030   Code   RO         5343    i.OS_TaskDbgListAdd  os_task.o
    0x080063d8   0x00000044   Code   RO         5344    i.OS_TaskDbgListRemove  os_task.o
    0x0800641c   0x00000020   Code   RO         5345    i.OS_TaskInit       os_task.o
    0x0800643c   0x000000c8   Code   RO         5346    i.OS_TaskInitTCB    os_task.o
    0x08006504   0x0000020c   Code   RO         5347    i.OS_TaskQPost      os_task.o
    0x08006710   0x0000001c   Code   RO         4634    i.OS_TaskRdy        os_core.o
    0x0800672c   0x00000140   Code   RO         5348    i.OS_TaskResume     os_task.o
    0x0800686c   0x00000018   Code   RO         5349    i.OS_TaskReturn     os_task.o
    0x08006884   0x000004c4   Code   RO         5350    i.OS_TaskSemPost    os_task.o
    0x08006d48   0x00000150   Code   RO         5351    i.OS_TaskSuspend    os_task.o
    0x08006e98   0x00000028   Code   RO         5493    i.OS_TickListInit   os_tick.o
    0x08006ec0   0x000001bc   Code   RO         5494    i.OS_TickListInsert  os_tick.o
    0x0800707c   0x00000038   Code   RO         5495    i.OS_TickListRemove  os_tick.o
    0x080070b4   0x00000024   Code   RO         5496    i.OS_TickListResetPeak  os_tick.o
    0x080070d8   0x000001f8   Code   RO         5497    i.OS_TickListUpdate  os_tick.o
    0x080072d0   0x0000002c   Code   RO         5498    i.OS_TickTask       os_tick.o
    0x080072fc   0x000000b8   Code   RO         5499    i.OS_TickTaskInit   os_tick.o
    0x080073b4   0x00000128   Code   RO         5592    i.OS_TmrInit        os_tmr.o
    0x080074dc   0x000000d0   Code   RO         5593    i.OS_TmrLink        os_tmr.o
    0x080075ac   0x00000024   Code   RO         5594    i.OS_TmrResetPeak   os_tmr.o
    0x080075d0   0x000000c0   Code   RO         5595    i.OS_TmrTask        os_tmr.o
    0x08007690   0x00000050   Code   RO         5596    i.OS_TmrUnlink      os_tmr.o
    0x080076e0   0x00000484   Code   RO         1327    i.PID_Adjust        function.o
    0x08007b64   0x00000050   Code   RO         1124    i.PID_Init          pid.o
    0x08007bb4   0x00000058   Code   RO            9    i.PID_task          main.o
    0x08007c0c   0x00000060   Code   RO         1125    i.PosPIDCalc        pid.o
    0x08007c6c   0x0000003c   Code   RO         1256    i.PrintCom          xf.o
    0x08007ca8   0x00000024   Code   RO         1328    i.QJ                function.o
    0x08007ccc   0x00000020   Code   RO         1834    i.RCC_AHB1PeriphClockCmd  stm32f4xx_rcc.o
    0x08007cec   0x00000020   Code   RO         1843    i.RCC_APB1PeriphClockCmd  stm32f4xx_rcc.o
    0x08007d0c   0x00000020   Code   RO         1845    i.RCC_APB1PeriphResetCmd  stm32f4xx_rcc.o
    0x08007d2c   0x00000020   Code   RO         1846    i.RCC_APB2PeriphClockCmd  stm32f4xx_rcc.o
    0x08007d4c   0x000000e8   Code   RO         1855    i.RCC_GetClocksFreq  stm32f4xx_rcc.o
    0x08007e34   0x000000fc   Code   RO         1038    i.Recirve_01        modbus_slave.o
    0x08007f30   0x0000013c   Code   RO         1039    i.Recirve_02        modbus_slave.o
    0x0800806c   0x000000bc   Code   RO         1040    i.Recirve_03        modbus_slave.o
    0x08008128   0x000000f8   Code   RO         1041    i.Recirve_04        modbus_slave.o
    0x08008220   0x00000088   Code   RO         1042    i.Recirve_05        modbus_slave.o
    0x080082a8   0x0000009c   Code   RO         1043    i.Recirve_06        modbus_slave.o
    0x08008344   0x000000b8   Code   RO         1044    i.Recirve_10        modbus_slave.o
    0x080083fc   0x000000c0   Code   RO          798    i.SPI2_Init         spi.o
    0x080084bc   0x00000054   Code   RO          799    i.SPI2_ReadWriteByte  spi.o
    0x08008510   0x00000028   Code   RO          800    i.SPI2_SetSpeed     spi.o
    0x08008538   0x00000018   Code   RO         3481    i.SPI_Cmd           stm32f4xx_spi.o
    0x08008550   0x00000012   Code   RO         3489    i.SPI_I2S_GetFlagStatus  stm32f4xx_spi.o
    0x08008562   0x00000006   Code   RO         3492    i.SPI_I2S_ReceiveData  stm32f4xx_spi.o
    0x08008568   0x00000004   Code   RO         3493    i.SPI_I2S_SendData  stm32f4xx_spi.o
    0x0800856c   0x0000003c   Code   RO         3494    i.SPI_Init          stm32f4xx_spi.o
    0x080085a8   0x00000002   Code   RO          388    i.SVC_Handler       stm32f4xx_it.o
    0x080085aa   0x00000002   PAD
    0x080085ac   0x00000bc4   Code   RO           10    i.Screen_task       main.o
    0x08009170   0x00000014   Code   RO         1479    i.SetAllParameterToSystem  route.o
    0x08009184   0x00000014   Code   RO         1480    i.SetAllStationNum  route.o
    0x08009198   0x00000018   Code   RO         1481    i.SetAllStepNum     route.o
    0x080091b0   0x00000014   Code   RO         1482    i.SetOneParameterToSystem  route.o
    0x080091c4   0x000000c8   Code   RO         1483    i.SetProcessData    route.o
    0x0800928c   0x00000068   Code   RO         1646    i.SetProcessData_pc  read.o
    0x080092f4   0x00000070   Code   RO         1484    i.SetRouteData      route.o
    0x08009364   0x00000058   Code   RO         1647    i.SetRouteData_pc   read.o
    0x080093bc   0x00000060   Code   RO         1485    i.SetStationData    route.o
    0x0800941c   0x000000ec   Code   RO          492    i.SetSysClock       system_stm32f4xx.o
    0x08009508   0x00000bd4   Code   RO           11    i.StationAction     main.o
    0x0800a0dc   0x00000028   Code   RO         1696    i.SysTick_CLKSourceConfig  misc.o
    0x0800a104   0x0000001c   Code   RO         3852    i.SysTick_Handler   delay.o
    0x0800a120   0x00000068   Code   RO          494    i.SystemInit        system_stm32f4xx.o
    0x0800a188   0x0000003a   Code   RO         2913    i.TI1_Config        stm32f4xx_tim.o
    0x0800a1c2   0x00000050   Code   RO         2914    i.TI2_Config        stm32f4xx_tim.o
    0x0800a212   0x00000048   Code   RO         2915    i.TI3_Config        stm32f4xx_tim.o
    0x0800a25a   0x00000050   Code   RO         2916    i.TI4_Config        stm32f4xx_tim.o
    0x0800a2aa   0x00000002   PAD
    0x0800a2ac   0x00000048   Code   RO          971    i.TIM1_BRK_TIM9_IRQHandler  capcount9.o
    0x0800a2f4   0x0000006c   Code   RO          830    i.TIM2_IRQHandler   timer2.o
    0x0800a360   0x0000005a   Code   RO          831    i.TIM2_Int_Init     timer2.o
    0x0800a3ba   0x00000002   PAD
    0x0800a3bc   0x000000f0   Code   RO          939    i.TIM3_CH1_Cap_Init1  capcount3.o
    0x0800a4ac   0x00000048   Code   RO          940    i.TIM3_IRQHandler   capcount3.o
    0x0800a4f4   0x0000013c   Code   RO          662    i.TIM4_PWM_Init     pwm.o
    0x0800a630   0x000000f0   Code   RO          972    i.TIM9_CH1_Cap_Init1  capcount9.o
    0x0800a720   0x00000018   Code   RO         2917    i.TIM_ARRPreloadConfig  stm32f4xx_tim.o
    0x0800a738   0x00000006   Code   RO         2924    i.TIM_ClearITPendingBit  stm32f4xx_tim.o
    0x0800a73e   0x00000018   Code   RO         2929    i.TIM_Cmd           stm32f4xx_tim.o
    0x0800a756   0x00000022   Code   RO         2950    i.TIM_GetITStatus   stm32f4xx_tim.o
    0x0800a778   0x0000006e   Code   RO         2952    i.TIM_ICInit        stm32f4xx_tim.o
    0x0800a7e6   0x00000012   Code   RO         2954    i.TIM_ITConfig      stm32f4xx_tim.o
    0x0800a7f8   0x0000007c   Code   RO         2958    i.TIM_OC1Init       stm32f4xx_tim.o
    0x0800a874   0x00000012   Code   RO         2961    i.TIM_OC1PreloadConfig  stm32f4xx_tim.o
    0x0800a886   0x00000002   PAD
    0x0800a888   0x000000a4   Code   RO         2963    i.TIM_OC2Init       stm32f4xx_tim.o
    0x0800a92c   0x0000001a   Code   RO         2966    i.TIM_OC2PreloadConfig  stm32f4xx_tim.o
    0x0800a946   0x00000002   PAD
    0x0800a948   0x000000a0   Code   RO         2968    i.TIM_OC3Init       stm32f4xx_tim.o
    0x0800a9e8   0x00000012   Code   RO         2971    i.TIM_OC3PreloadConfig  stm32f4xx_tim.o
    0x0800a9fa   0x00000002   PAD
    0x0800a9fc   0x00000078   Code   RO         2973    i.TIM_OC4Init       stm32f4xx_tim.o
    0x0800aa74   0x0000001a   Code   RO         2975    i.TIM_OC4PreloadConfig  stm32f4xx_tim.o
    0x0800aa8e   0x00000004   Code   RO         2991    i.TIM_SetCompare1   stm32f4xx_tim.o
    0x0800aa92   0x00000004   Code   RO         2992    i.TIM_SetCompare2   stm32f4xx_tim.o
    0x0800aa96   0x00000004   Code   RO         2993    i.TIM_SetCompare3   stm32f4xx_tim.o
    0x0800aa9a   0x00000004   Code   RO         2994    i.TIM_SetCompare4   stm32f4xx_tim.o
    0x0800aa9e   0x00000012   Code   RO         2996    i.TIM_SetIC1Prescaler  stm32f4xx_tim.o
    0x0800aab0   0x0000001a   Code   RO         2997    i.TIM_SetIC2Prescaler  stm32f4xx_tim.o
    0x0800aaca   0x00000012   Code   RO         2998    i.TIM_SetIC3Prescaler  stm32f4xx_tim.o
    0x0800aadc   0x0000001a   Code   RO         2999    i.TIM_SetIC4Prescaler  stm32f4xx_tim.o
    0x0800aaf6   0x00000002   PAD
    0x0800aaf8   0x00000084   Code   RO         3001    i.TIM_TimeBaseInit  stm32f4xx_tim.o
    0x0800ab7c   0x000001e8   Code   RO           12    i.Task5_task        main.o
    0x0800ad64   0x00000374   Code   RO           13    i.Transducer_task   main.o
    0x0800b0d8   0x000000c0   Code   RO          389    i.UART4_IRQHandler  stm32f4xx_it.o
    0x0800b198   0x0000008c   Code   RO         1193    i.USART1_Configuration  usart.o
    0x0800b224   0x000000c8   Code   RO         1194    i.USART2_Configuration  usart.o
    0x0800b2ec   0x000000f0   Code   RO          390    i.USART2_IRQHandler  stm32f4xx_it.o
    0x0800b3dc   0x000000d0   Code   RO         1195    i.USART3_Configuration  usart.o
    0x0800b4ac   0x00000140   Code   RO          391    i.USART3_IRQHandler  stm32f4xx_it.o
    0x0800b5ec   0x000000ec   Code   RO         1196    i.USART4_Configuration  usart.o
    0x0800b6d8   0x000000c8   Code   RO         1197    i.USART6_Configuration  usart.o
    0x0800b7a0   0x0000005c   Code   RO          392    i.USART6_IRQHandler  stm32f4xx_it.o
    0x0800b7fc   0x00000012   Code   RO         2224    i.USART_ClearFlag   stm32f4xx_usart.o
    0x0800b80e   0x0000001e   Code   RO         2225    i.USART_ClearITPendingBit  stm32f4xx_usart.o
    0x0800b82c   0x00000018   Code   RO         2228    i.USART_Cmd         stm32f4xx_usart.o
    0x0800b844   0x00000012   Code   RO         2229    i.USART_DMACmd      stm32f4xx_usart.o
    0x0800b856   0x0000001a   Code   RO         2231    i.USART_GetFlagStatus  stm32f4xx_usart.o
    0x0800b870   0x00000054   Code   RO         2232    i.USART_GetITStatus  stm32f4xx_usart.o
    0x0800b8c4   0x0000004a   Code   RO         2234    i.USART_ITConfig    stm32f4xx_usart.o
    0x0800b90e   0x00000002   PAD
    0x0800b910   0x000000d4   Code   RO         2235    i.USART_Init        stm32f4xx_usart.o
    0x0800b9e4   0x00000008   Code   RO         2245    i.USART_SendData    stm32f4xx_usart.o
    0x0800b9ec   0x0000001c   Code   RO          596    i.Uart3_Start_DMA_Tx  dma.o
    0x0800ba08   0x00000028   Code   RO          597    i.Uart4_Start_DMA_Tx  dma.o
    0x0800ba30   0x0000001c   Code   RO          598    i.Uart6_Start_DMA_Tx  dma.o
    0x0800ba4c   0x00000058   Code   RO         1486    i.UpdataProcessToHmi  route.o
    0x0800baa4   0x000000d4   Code   RO         1487    i.UpdataStationToHmi  route.o
    0x0800bb78   0x000000b0   Code   RO         1488    i.UpdataStationToNow  route.o
    0x0800bc28   0x00000004   Code   RO          393    i.UsageFault_Handler  stm32f4xx_it.o
    0x0800bc2c   0x000002d4   Code   RO         1329    i.UserConfigInit    function.o
    0x0800bf00   0x00000048   Code   RO          688    i.W25QXX_Erase_Sector  w25qxx.o
    0x0800bf48   0x00000060   Code   RO          689    i.W25QXX_Init       w25qxx.o
    0x0800bfa8   0x00000050   Code   RO          690    i.W25QXX_Read       w25qxx.o
    0x0800bff8   0x00000048   Code   RO          691    i.W25QXX_ReadID     w25qxx.o
    0x0800c040   0x0000002c   Code   RO          692    i.W25QXX_ReadSR     w25qxx.o
    0x0800c06c   0x00000048   Code   RO          693    i.W25QXX_Read_16    w25qxx.o
    0x0800c0b4   0x00000012   Code   RO          694    i.W25QXX_Wait_Busy  w25qxx.o
    0x0800c0c6   0x00000002   PAD
    0x0800c0c8   0x000000b8   Code   RO          695    i.W25QXX_Write      w25qxx.o
    0x0800c180   0x0000004c   Code   RO          696    i.W25QXX_Write_16   w25qxx.o
    0x0800c1cc   0x00000020   Code   RO          698    i.W25QXX_Write_Enable  w25qxx.o
    0x0800c1ec   0x00000046   Code   RO          699    i.W25QXX_Write_NoCheck  w25qxx.o
    0x0800c232   0x00000002   PAD
    0x0800c234   0x00000054   Code   RO          700    i.W25QXX_Write_Page  w25qxx.o
    0x0800c288   0x00000338   Code   RO           14    i.WIFI_task         main.o
    0x0800c5c0   0x00000168   Code   RO         1330    i.YX                function.o
    0x0800c728   0x0000013c   Code   RO         1331    i.YY                function.o
    0x0800c864   0x00000164   Code   RO         1332    i.ZX                function.o
    0x0800c9c8   0x0000013c   Code   RO         1333    i.ZY                function.o
    0x0800cb04   0x00000006   Code   RO         1198    i._sys_exit         usart.o
    0x0800cb0a   0x00000002   PAD
    0x0800cb0c   0x00000bd0   Code   RO         1648    i.data_Parameterreceive  read.o
    0x0800d6dc   0x00000020   Code   RO         1334    i.delay             function.o
    0x0800d6fc   0x00000070   Code   RO         3853    i.delay_init        delay.o
    0x0800d76c   0x00000050   Code   RO         3854    i.delay_ms          delay.o
    0x0800d7bc   0x0000000a   Code   RO         3855    i.delay_osschedlock  delay.o
    0x0800d7c6   0x0000000a   Code   RO         3856    i.delay_osschedunlock  delay.o
    0x0800d7d0   0x00000010   Code   RO         3857    i.delay_ostimedly   delay.o
    0x0800d7e0   0x00000058   Code   RO         3858    i.delay_us          delay.o
    0x0800d838   0x00000094   Code   RO         1045    i.errorsend         modbus_slave.o
    0x0800d8cc   0x00000274   Code   RO           15    i.float_task        main.o
    0x0800db40   0x000001a8   Code   RO           16    i.main              main.o
    0x0800dce8   0x00000018   Code   RO         3859    i.osdelay_ms        delay.o
    0x0800dd00   0x00000010   Code   RO         1046    i.send_comm         modbus_slave.o
    0x0800dd10   0x00000046   Code   RO         1259    i.speek             xf.o
    0x0800dd56   0x00000002   PAD
    0x0800dd58   0x00000078   Code   RO         1335    i.start             function.o
    0x0800ddd0   0x00000304   Code   RO           17    i.start_task        main.o
    0x0800e0d4   0x0000001c   Code   RO         1336    i.stop              function.o
    0x0800e0f0   0x000001d0   Code   RO         1260    i.yinling           xf.o
    0x0800e2c0   0x00000062   Code   RO         5866    x$fpl$d2f           fz_wm.l(d2f.o)
    0x0800e322   0x00000002   PAD
    0x0800e324   0x000002b0   Code   RO         5869    x$fpl$ddiv          fz_wm.l(ddiv.o)
    0x0800e5d4   0x0000005a   Code   RO         5872    x$fpl$dfixu         fz_wm.l(dfixu.o)
    0x0800e62e   0x0000002e   Code   RO         5877    x$fpl$dflt          fz_wm.l(dflt_clz.o)
    0x0800e65c   0x00000026   Code   RO         5876    x$fpl$dfltu         fz_wm.l(dflt_clz.o)
    0x0800e682   0x00000002   PAD
    0x0800e684   0x00000154   Code   RO         5882    x$fpl$dmul          fz_wm.l(dmul.o)
    0x0800e7d8   0x0000009c   Code   RO         5982    x$fpl$dnaninf       fz_wm.l(dnaninf.o)
    0x0800e874   0x0000000c   Code   RO         5984    x$fpl$dretinf       fz_wm.l(dretinf.o)
    0x0800e880   0x0000000a   Code   RO         6152    x$fpl$fpinit        fz_wm.l(fpinit.o)
    0x0800e88a   0x0000000a   Code   RO         5986    x$fpl$fretinf       fz_wm.l(fretinf.o)
    0x0800e894   0x00000000   Code   RO         5990    x$fpl$usenofp       fz_wm.l(usenofp.o)
    0x0800e894   0x000000a4   Data   RO         4574    .constdata          os_cfg_app.o
    0x0800e938   0x0000016c   Data   RO         4842    .constdata          os_dbg.o
    0x0800eaa4   0x00000020   Data   RO         6205    Region$$Table       anon$$obj.o


    Execution Region RW_IRAM1 (Base: 0x20000000, Size: 0x0000e910, Max: 0x00020000, ABSOLUTE, COMPRESSED[0x000000d0])

    Base Addr    Size         Type   Attr      Idx    E Section Name        Object

    0x20000000   0x0000001c   Data   RW           19    .data               main.o
    0x2000001c   0x00000004   Data   RW          600    .data               dma.o
    0x20000020   0x00000002   Data   RW          703    .data               w25qxx.o
    0x20000022   0x00000002   PAD
    0x20000024   0x00000010   Data   RW          832    .data               timer2.o
    0x20000034   0x0000001e   Data   RW          872    .data               can.o
    0x20000052   0x00000002   PAD
    0x20000054   0x00000008   Data   RW          941    .data               capcount3.o
    0x2000005c   0x00000008   Data   RW          973    .data               capcount9.o
    0x20000064   0x00000004   Data   RW         1048    .data               modbus_slave.o
    0x20000068   0x0000015d   Data   RW         1263    .data               xf.o
    0x200001c5   0x00000003   PAD
    0x200001c8   0x0000005c   Data   RW         1339    .data               function.o
    0x20000224   0x00000008   Data   RW         1490    .data               route.o
    0x2000022c   0x0000001c   Data   RW         1650    .data               read.o
    0x20000248   0x00000010   Data   RW         1887    .data               stm32f4xx_rcc.o
    0x20000258   0x00000004   Data   RW         3861    .data               delay.o
    0x2000025c   0x00000004   Data   RW         4048    .data               cpu_core.o
    0x20000260   0x00000008   Data   RW         5118    .data               os_prio.o
    0x20000268   0x000000c8   Data   RW         5674    .data               os_var.o
    0x20000330   0x00000004   Data   RW         5700    .data               os_cpu_c.o
    0x20000334   0x00007214   Zero   RW           18    .bss                main.o
    0x20007548   0x000007b0   Zero   RW          599    .bss                dma.o
    0x20007cf8   0x00001fa0   Zero   RW          702    .bss                w25qxx.o
    0x20009c98   0x00000014   Zero   RW          871    .bss                can.o
    0x20009cac   0x00000070   Zero   RW         1005    .bss                cdhdata.o
    0x20009d1c   0x000001c0   Zero   RW         1047    .bss                modbus_slave.o
    0x20009edc   0x00000020   Zero   RW         1126    .bss                pid.o
    0x20009efc   0x00001c4a   Zero   RW         1489    .bss                route.o
    0x2000bb46   0x000003e8   Zero   RW         1649    .bss                read.o
    0x2000bf2e   0x00000010   Zero   RW         4046    .bss                cpu_core.o
    0x2000bf3e   0x00000002   PAD
    0x2000bf40   0x00001490   Zero   RW         4573    .bss                os_cfg_app.o
    0x2000d3d0   0x000006e0   Zero   RW         5673    .bss                os_var.o
    0x2000dab0   0x00000060   Zero   RW         6079    .bss                c_w.l(libspace.o)
    0x2000db10   0x00000200   Zero   RW         1684    HEAP                startup_stm32f40_41xxx.o
    0x2000dd10   0x00000c00   Zero   RW         1683    STACK               startup_stm32f40_41xxx.o


==============================================================================

Image component sizes


      Code (inc. data)   RO Data    RW Data    ZI Data      Debug   Object Name

       176          8          0          0          0        721   adc.o
        78         14          0          0          0       1670   bsp.o
       942         66          0         30         20       5444   can.o
       312         22          0          8          0       1741   capcount3.o
       312         22          0          8          0       1758   capcount9.o
       432          4          0          0        112       2359   cdhdata.o
        52          0          0          0          0        344   cpu_a.o
       100         18          0          4         16      12461   cpu_core.o
       368         40          0          4          0       4830   delay.o
      1308         98          0          4       1968       6738   dma.o
      4100        318          0         92          0      13720   function.o
        44          0          0          0          0       1100   iwdg.o
       668         86          0          0          0        967   led.o
       102          0          0          0          0       1860   lib_mem.o
     12726       1024          0         28      29204     381903   main.o
       180         24          0          0          0       2393   misc.o
      1966        180          0          4        448      10507   modbus_slave.o
       252        166        164          0       5264      21018   os_cfg_app.o
      3016        412          0          0          0      21940   os_core.o
       172         32          0          0          0        412   os_cpu_a.o
       912         56          0          4          0       7440   os_cpu_c.o
       432        286        364          0          0       4845   os_dbg.o
       670         26          0          0          0       3121   os_flag.o
      1148        204          0          0          0       3606   os_int.o
        24         10          0          0          0        929   os_mem.o
       472         26          0          0          0       3952   os_msg.o
        24         10          0          0          0        935   os_mutex.o
       136         16          0          8          0       3046   os_prio.o
       356         18          0          0          0       2226   os_q.o
       380         16          0          0          0       2246   os_sem.o
      1616        208          0          0          0       4099   os_stat.o
      4792        256          0          0          0      13704   os_task.o
      1308        124          0          0          0       5741   os_tick.o
       844         44          0          0          0       3109   os_time.o
       812        134          0          0          0       4376   os_tmr.o
         0          0          0        200       1760      19389   os_var.o
       176         16          0          0         32       1750   pid.o
       316          8          0          0          0        876   pwm.o
      3216        200          0         28       1000       4640   read.o
      2316        232          0          8       7242      13230   route.o
       316         20          0          0          0       1953   spi.o
        64         26        392          0       3584        852   startup_stm32f40_41xxx.o
       392         24          0          0          0       6083   stm32f4xx_adc.o
      1252         28          0          0          0       5665   stm32f4xx_can.o
       676         58          0          0          0       6973   stm32f4xx_dma.o
       222          0          0          0          0       3259   stm32f4xx_gpio.o
      1158        172          0          0          0      35003   stm32f4xx_it.o
        68         30          0          0          0       2938   stm32f4xx_iwdg.o
       360         42          0         16          0       5708   stm32f4xx_rcc.o
       112          0          0          0          0       3938   stm32f4xx_spi.o
      1398         66          0          0          0      19658   stm32f4xx_tim.o
       494          8          0          0          0       7456   stm32f4xx_usart.o
       340         32          0          0          0       1533   system_stm32f4xx.o
       198         34          0         16          0       1644   timer2.o
       990         48          0          0          0       4455   usart.o
       900         74          0          2       8096       8681   w25qxx.o
       594        238          0        349          0       4526   xf.o

    ----------------------------------------------------------------------
     56844       5324        952        820      58748     717471   Object Totals
         0          0         32          0          0          0   (incl. Generated)
        54          0          0          7          2          0   (incl. Padding)

    ----------------------------------------------------------------------

      Code (inc. data)   RO Data    RW Data    ZI Data      Debug   Library Member Name

        90          0          0          0          0          0   __dczerorl2.o
         8          0          0          0          0         68   __main.o
         0          0          0          0          0          0   __rtentry.o
        12          0          0          0          0          0   __rtentry2.o
         6          0          0          0          0          0   __rtentry4.o
        52          8          0          0          0          0   __scatter.o
        28          0          0          0          0          0   __scatter_zi.o
        12          0          0          0          0         72   exit.o
         6          0          0          0          0        152   heapauxi.o
         2          0          0          0          0          0   libinit.o
         6          0          0          0          0          0   libinit2.o
         2          0          0          0          0          0   libshutdown.o
         2          0          0          0          0          0   libshutdown2.o
         8          4          0          0         96         68   libspace.o
        68          0          0          0          0         68   rt_memclr.o
        78          0          0          0          0         80   rt_memclr_w.o
       138          0          0          0          0         68   rt_memcpy_v6.o
       100          0          0          0          0         80   rt_memcpy_w.o
         2          0          0          0          0          0   rtexit.o
        10          0          0          0          0          0   rtexit2.o
        62          0          0          0          0         76   strlen.o
        36          0          0          0          0         80   strstr.o
        74          0          0          0          0         80   sys_stackheap_outer.o
         2          0          0          0          0         68   use_no_semi.o
         2          0          0          0          0         68   use_no_semi_2.o
        98          4          0          0          0        140   d2f.o
       688        140          0          0          0        256   ddiv.o
        90          4          0          0          0        140   dfixu.o
        84          0          0          0          0        232   dflt_clz.o
       340         12          0          0          0        152   dmul.o
       156          4          0          0          0        140   dnaninf.o
        12          0          0          0          0        116   dretinf.o
        10          0          0          0          0        116   fpinit.o
        10          0          0          0          0        116   fretinf.o
         0          0          0          0          0          0   usenofp.o

    ----------------------------------------------------------------------
      2304        176          0          0         96       2436   Library Totals
        10          0          0          0          0          0   (incl. Padding)

    ----------------------------------------------------------------------

      Code (inc. data)   RO Data    RW Data    ZI Data      Debug   Library Name

       806         12          0          0         96       1028   c_w.l
      1488        164          0          0          0       1408   fz_wm.l

    ----------------------------------------------------------------------
      2304        176          0          0         96       2436   Library Totals

    ----------------------------------------------------------------------

==============================================================================


      Code (inc. data)   RO Data    RW Data    ZI Data      Debug   

     59148       5500        952        820      58844     686039   Grand Totals
     59148       5500        952        208      58844     686039   ELF Image Totals (compressed)
     59148       5500        952        208          0          0   ROM Totals

==============================================================================

    Total RO  Size (Code + RO Data)                60100 (  58.69kB)
    Total RW  Size (RW Data + ZI Data)             59664 (  58.27kB)
    Total ROM Size (Code + RO Data + RW Data)      60308 (  58.89kB)

==============================================================================

